2025-05-28 14:41:32,542 - INFO - Path 'C:\Users\austisnyder\Documents\GitHub\PoE-Economy-Analysis\file_management\files\raw_listings.json' does not exist. Creating with default []

2025-05-28 14:45:01,634 - WARNING - Failed to decode JSON from C:\Users\austisnyder\Documents\GitHub\PoE-Economy-Analysis\file_management\files\raw_listings.json. Returning default []

2025-05-28 14:48:24,420 - WARNING - Failed to decode JSON from C:\Users\austisnyder\Documents\GitHub\PoE-Economy-Analysis\file_management\files\raw_listings.json. Returning default []

2025-05-28 14:48:55,457 - WARNING - Failed to decode JSON from C:\Users\austisnyder\Documents\GitHub\PoE-Economy-Analysis\file_management\files\raw_listings.json. Returning default []

2025-05-28 14:48:55,460 - WARNING - Failed to decode JSON from C:\Users\austisnyder\Documents\GitHub\PoE-Economy-Analysis\file_management\files\raw_listings.json. Returning default []

2025-05-28 14:50:45,351 - WARNING - Failed to decode JSON from C:\Users\austisnyder\Documents\GitHub\PoE-Economy-Analysis\file_management\files\raw_listings.json. Returning default []

2025-05-28 14:50:45,352 - WARNING - Failed to decode JSON from C:\Users\austisnyder\Documents\GitHub\PoE-Economy-Analysis\file_management\files\raw_listings.json. Returning default []

2025-05-28 14:51:23,688 - WARNING - Failed to decode JSON from C:\Users\austisnyder\Documents\GitHub\PoE-Economy-Analysis\file_management\files\raw_listings.json. Returning default []

2025-05-28 14:51:23,688 - WARNING - Failed to decode JSON from C:\Users\austisnyder\Documents\GitHub\PoE-Economy-Analysis\file_management\files\raw_listings.json. Returning default []

2025-05-28 14:54:53,406 - WARNING - Failed to decode JSON from C:\Users\austisnyder\Documents\GitHub\PoE-Economy-Analysis\file_management\files\raw_listings.json. Returning default []

2025-05-28 14:54:53,406 - WARNING - Failed to decode JSON from C:\Users\austisnyder\Documents\GitHub\PoE-Economy-Analysis\file_management\files\raw_listings.json. Returning default []

2025-05-28 15:01:11,798 - WARNING - Failed to decode JSON from C:\Users\austisnyder\Documents\GitHub\PoE-Economy-Analysis\file_management\files\raw_listings.json. Returning default []

2025-05-28 15:01:11,798 - WARNING - Failed to decode JSON from C:\Users\austisnyder\Documents\GitHub\PoE-Economy-Analysis\file_management\files\raw_listings.json. Returning default []

2025-05-28 15:04:22,048 - WARNING - Failed to decode JSON from C:\Users\austisnyder\Documents\GitHub\PoE-Economy-Analysis\file_management\files\raw_listings.json. Returning default []

2025-05-28 15:04:22,048 - WARNING - Failed to decode JSON from C:\Users\austisnyder\Documents\GitHub\PoE-Economy-Analysis\file_management\files\raw_listings.json. Returning default []

2025-05-28 15:05:18,687 - WARNING - Failed to decode JSON from C:\Users\austisnyder\Documents\GitHub\PoE-Economy-Analysis\file_management\files\raw_listings.json. Returning default []

2025-05-28 15:05:18,687 - WARNING - Failed to decode JSON from C:\Users\austisnyder\Documents\GitHub\PoE-Economy-Analysis\file_management\files\raw_listings.json. Returning default []

2025-05-28 15:05:58,358 - WARNING - Failed to decode JSON from C:\Users\austisnyder\Documents\GitHub\PoE-Economy-Analysis\file_management\files\raw_listings.json. Returning default []

2025-05-28 15:05:58,362 - WARNING - Failed to decode JSON from C:\Users\austisnyder\Documents\GitHub\PoE-Economy-Analysis\file_management\files\raw_listings.json. Returning default []

2025-05-28 15:07:29,010 - WARNING - Failed to decode JSON from C:\Users\austisnyder\Documents\GitHub\PoE-Economy-Analysis\file_management\files\raw_listings.json. Returning default []

2025-05-28 15:07:29,010 - WARNING - Failed to decode JSON from C:\Users\austisnyder\Documents\GitHub\PoE-Economy-Analysis\file_management\files\raw_listings.json. Returning default []

2025-05-28 15:10:14,552 - WARNING - Failed to decode JSON from C:\Users\austisnyder\Documents\GitHub\PoE-Economy-Analysis\file_management\files\raw_listings.json. Returning default []

2025-05-28 15:10:14,552 - WARNING - Failed to decode JSON from C:\Users\austisnyder\Documents\GitHub\PoE-Economy-Analysis\file_management\files\raw_listings.json. Returning default []

2025-05-28 15:10:45,950 - WARNING - Failed to decode JSON from C:\Users\austisnyder\Documents\GitHub\PoE-Economy-Analysis\file_management\files\raw_listings.json. Returning default []

2025-05-28 15:10:45,950 - WARNING - Failed to decode JSON from C:\Users\austisnyder\Documents\GitHub\PoE-Economy-Analysis\file_management\files\raw_listings.json. Returning default []

2025-05-28 15:11:23,931 - WARNING - Failed to decode JSON from C:\Users\austisnyder\Documents\GitHub\PoE-Economy-Analysis\file_management\files\raw_listings.json. Returning default []

2025-05-28 15:11:23,936 - WARNING - Failed to decode JSON from C:\Users\austisnyder\Documents\GitHub\PoE-Economy-Analysis\file_management\files\raw_listings.json. Returning default []

2025-05-28 15:12:09,456 - WARNING - Failed to decode JSON from C:\Users\austisnyder\Documents\GitHub\PoE-Economy-Analysis\file_management\files\raw_listings.json. Returning default []

2025-05-28 15:12:09,456 - WARNING - Failed to decode JSON from C:\Users\austisnyder\Documents\GitHub\PoE-Economy-Analysis\file_management\files\raw_listings.json. Returning default []

2025-05-28 15:12:41,471 - WARNING - Failed to decode JSON from C:\Users\austisnyder\Documents\GitHub\PoE-Economy-Analysis\file_management\files\raw_listings.json. Returning default []

2025-05-28 15:12:41,472 - WARNING - Failed to decode JSON from C:\Users\austisnyder\Documents\GitHub\PoE-Economy-Analysis\file_management\files\raw_listings.json. Returning default []

2025-05-28 15:17:39,638 - WARNING - Failed to decode JSON from C:\Users\austisnyder\Documents\GitHub\PoE-Economy-Analysis\file_management\files\raw_listings.json. Returning default []

2025-05-28 15:17:39,638 - WARNING - Failed to decode JSON from C:\Users\austisnyder\Documents\GitHub\PoE-Economy-Analysis\file_management\files\raw_listings.json. Returning default []

2025-05-28 15:32:29,975 - WARNING - Failed to decode JSON from C:\Users\austisnyder\Documents\GitHub\PoE-Economy-Analysis\file_management\files\raw_listings.json. Returning default []

2025-05-28 15:32:29,975 - WARNING - Failed to decode JSON from C:\Users\austisnyder\Documents\GitHub\PoE-Economy-Analysis\file_management\files\raw_listings.json. Returning default []

2025-05-28 15:32:55,724 - WARNING - Failed to decode JSON from C:\Users\austisnyder\Documents\GitHub\PoE-Economy-Analysis\file_management\files\raw_listings.json. Returning default []

2025-05-28 15:32:55,724 - WARNING - Failed to decode JSON from C:\Users\austisnyder\Documents\GitHub\PoE-Economy-Analysis\file_management\files\raw_listings.json. Returning default []

2025-05-28 15:52:19,180 - WARNING - Failed to decode JSON from C:\Users\austisnyder\Documents\GitHub\PoE-Economy-Analysis\file_management\files\raw_listings.json. Returning default []

2025-05-28 15:52:19,181 - WARNING - Failed to decode JSON from C:\Users\austisnyder\Documents\GitHub\PoE-Economy-Analysis\file_management\files\raw_listings.json. Returning default []

2025-05-28 15:52:40,989 - WARNING - Failed to decode JSON from C:\Users\austisnyder\Documents\GitHub\PoE-Economy-Analysis\file_management\files\raw_listings.json. Returning default []

2025-05-28 15:52:40,992 - WARNING - Failed to decode JSON from C:\Users\austisnyder\Documents\GitHub\PoE-Economy-Analysis\file_management\files\raw_listings.json. Returning default []

2025-05-28 18:24:18,484 - INFO - Path 'C:\Users\13198\Downloads\Github\PoE-Economy-Analysis\file_management\dynamic_files\raw_listings.json' does not exist. Creating with default []

2025-05-28 18:24:18,485 - WARNING - Failed to decode JSON from C:\Users\13198\Downloads\Github\PoE-Economy-Analysis\file_management\dynamic_files\raw_listings.json. Returning default []

2025-05-28 18:24:18,485 - INFO - Path 'C:\Users\13198\Downloads\Github\PoE-Economy-Analysis\file_management\dynamic_files\global_poe2db_manager.pkl' does not exist. Creating with default None

2025-05-28 18:24:18,486 - ERROR - Exception in fetch_data: File at path C:\Users\13198\Downloads\Github\PoE-Economy-Analysis\file_management\dynamic_files\poe2db_bases.json from enum DataPath.POECD_BASES not found.
Traceback (most recent call last):
  File "C:\Users\13198\Downloads\Github\PoE-Economy-Analysis\shared\logging\logging_utils.py", line 9, in wrapper
    return func(*args, **kwargs)
           ^^^^^^^^^^^^^^^^^^^^^
  File "C:\Users\13198\Downloads\Github\PoE-Economy-Analysis\file_management\files_manager.py", line 76, in fetch_data
    raise FileNotFoundError(f"File at path {str(path)} from enum {data_path_e} not found.")
FileNotFoundError: File at path C:\Users\13198\Downloads\Github\PoE-Economy-Analysis\file_management\dynamic_files\poe2db_bases.json from enum DataPath.POECD_BASES not found.
2025-05-28 18:25:05,647 - WARNING - Failed to decode JSON from C:\Users\13198\Downloads\Github\PoE-Economy-Analysis\file_management\dynamic_files\raw_listings.json. Returning default []

2025-05-28 18:25:05,647 - WARNING - Failed to decode JSON from C:\Users\13198\Downloads\Github\PoE-Economy-Analysis\file_management\dynamic_files\raw_listings.json. Returning default []

2025-05-28 18:25:05,648 - ERROR - Exception in fetch_data: File at path C:\Users\13198\Downloads\Github\PoE-Economy-Analysis\file_management\dynamic_files\poe2db_bases.json from enum DataPath.POECD_BASES not found.
Traceback (most recent call last):
  File "C:\Users\13198\Downloads\Github\PoE-Economy-Analysis\shared\logging\logging_utils.py", line 9, in wrapper
    return func(*args, **kwargs)
           ^^^^^^^^^^^^^^^^^^^^^
  File "C:\Users\13198\Downloads\Github\PoE-Economy-Analysis\file_management\files_manager.py", line 75, in fetch_data
    raise FileNotFoundError(f"File at path {str(path)} from enum {data_path_e} not found.")
FileNotFoundError: File at path C:\Users\13198\Downloads\Github\PoE-Economy-Analysis\file_management\dynamic_files\poe2db_bases.json from enum DataPath.POECD_BASES not found.
2025-05-28 18:26:43,304 - WARNING - Failed to decode JSON from C:\Users\13198\Downloads\Github\PoE-Economy-Analysis\file_management\dynamic_files\raw_listings.json. Returning default []

2025-05-28 18:26:43,304 - WARNING - Failed to decode JSON from C:\Users\13198\Downloads\Github\PoE-Economy-Analysis\file_management\dynamic_files\raw_listings.json. Returning default []

2025-05-28 18:26:43,567 - INFO - Path 'C:\Users\13198\Downloads\Github\PoE-Economy-Analysis\file_management\dynamic_files\item_mods.pkl' does not exist. Creating with default {}

2025-05-28 18:26:43,569 - INFO - Processing query 1 of 144 queries.

2025-05-28 18:26:43,569 - ERROR - Exception in _post_for_search_id: 'classmethod' object is not callable
Traceback (most recent call last):
  File "C:\Users\13198\Downloads\Github\PoE-Economy-Analysis\shared\logging\logging_utils.py", line 9, in wrapper
    return func(*args, **kwargs)
           ^^^^^^^^^^^^^^^^^^^^^
TypeError: 'classmethod' object is not callable
2025-05-28 18:29:31,227 - WARNING - Failed to decode JSON from C:\Users\13198\Downloads\Github\PoE-Economy-Analysis\file_management\dynamic_files\raw_listings.json. Returning default []

2025-05-28 18:29:37,285 - WARNING - Failed to decode JSON from C:\Users\13198\Downloads\Github\PoE-Economy-Analysis\file_management\dynamic_files\raw_listings.json. Returning default []

2025-05-28 18:29:37,285 - WARNING - Failed to decode JSON from C:\Users\13198\Downloads\Github\PoE-Economy-Analysis\file_management\dynamic_files\raw_listings.json. Returning default []

2025-05-28 18:29:37,385 - INFO - Processing query 1 of 144 queries.

2025-05-28 18:29:37,386 - ERROR - Exception in _post_for_search_id: 'classmethod' object is not callable
Traceback (most recent call last):
  File "C:\Users\13198\Downloads\Github\PoE-Economy-Analysis\shared\logging\logging_utils.py", line 9, in wrapper
    return func(*args, **kwargs)
           ^^^^^^^^^^^^^^^^^^^^^
TypeError: 'classmethod' object is not callable
2025-05-28 18:33:18,358 - WARNING - Failed to decode JSON from C:\Users\13198\Downloads\Github\PoE-Economy-Analysis\file_management\dynamic_files\raw_listings.json. Returning default []

2025-05-28 18:33:18,503 - WARNING - Failed to decode JSON from C:\Users\13198\Downloads\Github\PoE-Economy-Analysis\file_management\dynamic_files\raw_listings.json. Returning default []

2025-05-28 18:33:21,055 - INFO - Processing query 1 of 144 queries.

2025-05-28 18:33:21,056 - ERROR - Exception in _post_for_search_id: 'classmethod' object is not callable
Traceback (most recent call last):
  File "C:\Users\13198\Downloads\Github\PoE-Economy-Analysis\shared\logging\logging_utils.py", line 9, in wrapper
    return func(*args, **kwargs)
           ^^^^^^^^^^^^^^^^^^^^^
TypeError: 'classmethod' object is not callable
2025-05-28 18:33:32,004 - WARNING - Failed to decode JSON from C:\Users\13198\Downloads\Github\PoE-Economy-Analysis\file_management\dynamic_files\raw_listings.json. Returning default []

2025-05-28 18:33:32,004 - WARNING - Failed to decode JSON from C:\Users\13198\Downloads\Github\PoE-Economy-Analysis\file_management\dynamic_files\raw_listings.json. Returning default []

2025-05-28 18:33:32,138 - INFO - Processing query 1 of 144 queries.

2025-05-28 18:33:32,138 - ERROR - Exception in _post_for_search_id: 'classmethod' object is not callable
Traceback (most recent call last):
  File "C:\Users\13198\Downloads\Github\PoE-Economy-Analysis\shared\logging\logging_utils.py", line 9, in wrapper
    return func(*args, **kwargs)
           ^^^^^^^^^^^^^^^^^^^^^
TypeError: 'classmethod' object is not callable
2025-05-28 18:34:19,350 - WARNING - Failed to decode JSON from C:\Users\13198\Downloads\Github\PoE-Economy-Analysis\file_management\dynamic_files\raw_listings.json. Returning default []

2025-05-28 18:34:19,350 - WARNING - Failed to decode JSON from C:\Users\13198\Downloads\Github\PoE-Economy-Analysis\file_management\dynamic_files\raw_listings.json. Returning default []

2025-05-28 18:34:19,478 - INFO - Processing query 1 of 144 queries.

2025-05-28 18:34:19,675 - INFO - Setting new limits.
	Account limits: [(100, 5, 60)]
	Account state: [(0, 5, 60)]
	IP limits: [(5, 10, 60), (15, 60, 300), (30, 300, 1800)]
	IP state: [(1, 10, 0), (1, 60, 0), (1, 300, 0)]

2025-05-28 18:34:19,808 - INFO - Setting new limits.
	Account limits: [(100, 5, 60)]
	Account state: [(0, 5, 60)]
	IP limits: [(12, 4, 10), (16, 12, 300)]
	IP state: [(1, 4, 0), (1, 12, 0)]

2025-05-28 18:34:20,424 - INFO - 36 valid query responses out of 36.

2025-05-28 18:38:28,336 - WARNING - Failed to decode JSON from C:\Users\13198\Downloads\Github\PoE-Economy-Analysis\file_management\dynamic_files\raw_listings.json. Returning default []

2025-05-28 18:38:28,336 - WARNING - Failed to decode JSON from C:\Users\13198\Downloads\Github\PoE-Economy-Analysis\file_management\dynamic_files\raw_listings.json. Returning default []

2025-05-28 18:38:28,455 - INFO - Processing query 1 of 144 queries.

2025-05-28 18:38:28,691 - INFO - Setting new limits.
	Account limits: [(100, 5, 60)]
	Account state: [(0, 5, 60)]
	IP limits: [(5, 10, 60), (15, 60, 300), (30, 300, 1800)]
	IP state: [(1, 10, 0), (1, 60, 0), (3, 300, 0)]

2025-05-28 18:38:28,836 - INFO - Setting new limits.
	Account limits: [(100, 5, 60)]
	Account state: [(0, 5, 60)]
	IP limits: [(12, 4, 10), (16, 12, 300)]
	IP state: [(1, 4, 0), (1, 12, 0)]

2025-05-28 18:39:07,396 - WARNING - Failed to decode JSON from C:\Users\13198\Downloads\Github\PoE-Economy-Analysis\file_management\dynamic_files\raw_listings.json. Returning default []

2025-05-28 18:39:07,396 - WARNING - Failed to decode JSON from C:\Users\13198\Downloads\Github\PoE-Economy-Analysis\file_management\dynamic_files\raw_listings.json. Returning default []

2025-05-28 18:39:07,513 - INFO - Processing query 1 of 144 queries.

2025-05-28 18:39:07,806 - INFO - Setting new limits.
	Account limits: [(100, 5, 60)]
	Account state: [(0, 5, 60)]
	IP limits: [(5, 10, 60), (15, 60, 300), (30, 300, 1800)]
	IP state: [(1, 10, 0), (2, 60, 0), (3, 300, 0)]

2025-05-28 18:39:07,806 - INFO - Total valid responses in 0.0 minutes: 0

2025-05-28 19:25:55,178 - ERROR - Exception in fetch_data: Expecting value: line 1 column 1 (char 0)
Traceback (most recent call last):
  File "C:\Users\13198\Downloads\Github\PoE-Economy-Analysis\shared\logging\logging_utils.py", line 9, in wrapper
    return func(*args, **kwargs)
           ^^^^^^^^^^^^^^^^^^^^^
  File "C:\Users\13198\Downloads\Github\PoE-Economy-Analysis\file_management\files_manager.py", line 84, in fetch_data
    data = json.load(file)  # This may fail, but if it does we want it to fail fast so don't catch the error
           ^^^^^^^^^^^^^^^
  File "C:\Users\13198\AppData\Local\Programs\Python\Python312\Lib\json\__init__.py", line 293, in load
    return loads(fp.read(),
           ^^^^^^^^^^^^^^^^
  File "C:\Users\13198\AppData\Local\Programs\Python\Python312\Lib\json\__init__.py", line 346, in loads
    return _default_decoder.decode(s)
           ^^^^^^^^^^^^^^^^^^^^^^^^^^
  File "C:\Users\13198\AppData\Local\Programs\Python\Python312\Lib\json\decoder.py", line 337, in decode
    obj, end = self.raw_decode(s, idx=_w(s, 0).end())
               ^^^^^^^^^^^^^^^^^^^^^^^^^^^^^^^^^^^^^^
  File "C:\Users\13198\AppData\Local\Programs\Python\Python312\Lib\json\decoder.py", line 355, in raw_decode
    raise JSONDecodeError("Expecting value", s, err.value) from None
json.decoder.JSONDecodeError: Expecting value: line 1 column 1 (char 0)
2025-05-28 19:27:40,119 - ERROR - Exception in fetch_data: Expecting value: line 1 column 1 (char 0)
Traceback (most recent call last):
  File "C:\Users\13198\Downloads\Github\PoE-Economy-Analysis\shared\logging\logging_utils.py", line 9, in wrapper
    return func(*args, **kwargs)
           ^^^^^^^^^^^^^^^^^^^^^
  File "C:\Users\13198\Downloads\Github\PoE-Economy-Analysis\file_management\files_manager.py", line 84, in fetch_data
    data = json.load(file)  # This may fail, but if it does we want it to fail fast so don't catch the error
           ^^^^^^^^^^^^^^^
  File "C:\Users\13198\AppData\Local\Programs\Python\Python312\Lib\json\__init__.py", line 293, in load
    return loads(fp.read(),
           ^^^^^^^^^^^^^^^^
  File "C:\Users\13198\AppData\Local\Programs\Python\Python312\Lib\json\__init__.py", line 346, in loads
    return _default_decoder.decode(s)
           ^^^^^^^^^^^^^^^^^^^^^^^^^^
  File "C:\Users\13198\AppData\Local\Programs\Python\Python312\Lib\json\decoder.py", line 337, in decode
    obj, end = self.raw_decode(s, idx=_w(s, 0).end())
               ^^^^^^^^^^^^^^^^^^^^^^^^^^^^^^^^^^^^^^
  File "C:\Users\13198\AppData\Local\Programs\Python\Python312\Lib\json\decoder.py", line 355, in raw_decode
    raise JSONDecodeError("Expecting value", s, err.value) from None
json.decoder.JSONDecodeError: Expecting value: line 1 column 1 (char 0)
2025-05-28 19:28:57,042 - INFO - Processing query 1 of 144 queries.

2025-05-28 19:28:57,227 - INFO - Setting new limits.
	Account limits: [(100, 5, 60)]
	Account state: [(0, 5, 60)]
	IP limits: [(5, 10, 60), (15, 60, 300), (30, 300, 1800)]
	IP state: [(1, 10, 0), (1, 60, 0), (1, 300, 0)]

2025-05-28 19:28:57,381 - INFO - Setting new limits.
	Account limits: [(100, 5, 60)]
	Account state: [(0, 5, 60)]
	IP limits: [(12, 4, 10), (16, 12, 300)]
	IP state: [(1, 4, 0), (1, 12, 0)]

2025-05-28 19:29:13,942 - INFO - Processing query 1 of 144 queries.

2025-05-28 19:29:14,113 - INFO - Setting new limits.
	Account limits: [(100, 5, 60)]
	Account state: [(0, 5, 60)]
	IP limits: [(5, 10, 60), (15, 60, 300), (30, 300, 1800)]
	IP state: [(1, 10, 0), (2, 60, 0), (2, 300, 0)]

2025-05-28 19:29:14,276 - INFO - Setting new limits.
	Account limits: [(100, 5, 60)]
	Account state: [(0, 5, 60)]
	IP limits: [(12, 4, 10), (16, 12, 300)]
	IP state: [(1, 4, 0), (1, 12, 0)]

2025-05-28 19:30:28,072 - INFO - Processing query 1 of 144 queries.

2025-05-28 19:30:28,262 - INFO - Setting new limits.
	Account limits: [(100, 5, 60)]
	Account state: [(0, 5, 60)]
	IP limits: [(5, 10, 60), (15, 60, 300), (30, 300, 1800)]
	IP state: [(1, 10, 0), (1, 60, 0), (3, 300, 0)]

2025-05-28 19:30:28,481 - INFO - Setting new limits.
	Account limits: [(100, 5, 60)]
	Account state: [(0, 5, 60)]
	IP limits: [(12, 4, 10), (16, 12, 300)]
	IP state: [(1, 4, 0), (1, 12, 0)]

2025-05-28 19:31:16,324 - INFO - Processing query 1 of 144 queries.

2025-05-28 19:31:16,619 - INFO - Setting new limits.
	Account limits: [(100, 5, 60)]
	Account state: [(0, 5, 60)]
	IP limits: [(5, 10, 60), (15, 60, 300), (30, 300, 1800)]
	IP state: [(1, 10, 0), (1, 60, 0), (4, 300, 0)]

2025-05-28 19:31:16,859 - INFO - Setting new limits.
	Account limits: [(100, 5, 60)]
	Account state: [(0, 5, 60)]
	IP limits: [(12, 4, 10), (16, 12, 300)]
	IP state: [(1, 4, 0), (1, 12, 0)]

2025-05-28 19:31:24,279 - INFO - 19 valid query responses out of 19.

2025-05-28 19:31:24,280 - INFO - Could not find mod with ID ('quarterstaff', 'explicit.stat_669069897', <ModAffixType.SUFFIX: 'suffix'>). Creating and caching.

2025-05-28 19:32:50,719 - INFO - Processing query 1 of 144 queries.

2025-05-28 19:32:50,898 - INFO - Setting new limits.
	Account limits: [(100, 5, 60)]
	Account state: [(0, 5, 60)]
	IP limits: [(5, 10, 60), (15, 60, 300), (30, 300, 1800)]
	IP state: [(1, 10, 0), (1, 60, 0), (5, 300, 0)]

2025-05-28 19:32:51,053 - INFO - Setting new limits.
	Account limits: [(100, 5, 60)]
	Account state: [(0, 5, 60)]
	IP limits: [(12, 4, 10), (16, 12, 300)]
	IP state: [(1, 4, 0), (1, 12, 0)]

2025-05-28 19:32:51,647 - INFO - 31 valid query responses out of 31.

2025-05-28 19:32:51,648 - INFO - Could not find mod with ID ('bow', 'implicit.stat_3885405204', None). Creating and caching.

2025-05-28 19:32:51,648 - INFO - Could not find mod with ID ('bow', 'explicit.stat_1940865751', <ModAffixType.PREFIX: 'prefix'>). Creating and caching.

2025-05-28 19:36:01,383 - INFO - Path 'C:\Users\13198\Downloads\Github\PoE-Economy-Analysis\file_management\dynamic_files\global_poe2db_manager.pkl' does not exist. Creating with default None

2025-05-28 19:38:26,410 - INFO - Processing query 1 of 144 queries.

2025-05-28 19:38:26,692 - INFO - Setting new limits.
	Account limits: [(100, 5, 60)]
	Account state: [(0, 5, 60)]
	IP limits: [(5, 10, 60), (15, 60, 300), (30, 300, 1800)]
	IP state: [(1, 10, 0), (1, 60, 0), (1, 300, 0)]

2025-05-28 19:38:26,842 - INFO - Setting new limits.
	Account limits: [(100, 5, 60)]
	Account state: [(0, 5, 60)]
	IP limits: [(12, 4, 10), (16, 12, 300)]
	IP state: [(1, 4, 0), (1, 12, 0)]

2025-05-28 19:38:27,170 - INFO - 17 valid query responses out of 17.

2025-05-28 19:38:27,170 - INFO - Could not find mod with ID ('quarterstaff', 'implicit.stat_1702195217', None). Creating and caching.

2025-05-28 19:38:27,171 - INFO - Could not find mod with ID ('quarterstaff', 'explicit.stat_1368271171', <ModAffixType.SUFFIX: 'suffix'>). Creating and caching.

2025-05-28 19:38:27,176 - INFO - Could not find mod with ID ('quarterstaff', 'explicit.stat_1037193709', <ModAffixType.PREFIX: 'prefix'>). Creating and caching.

2025-05-28 19:38:27,176 - INFO - Could not find mod with ID ('quarterstaff', 'explicit.stat_1509134228', 'explicit.stat_691932474', <ModAffixType.PREFIX: 'prefix'>). Creating and caching.

2025-05-28 19:38:27,177 - INFO - Could not find mod with ID ('quarterstaff', 'explicit.stat_791928121', <ModAffixType.SUFFIX: 'suffix'>). Creating and caching.

2025-05-28 19:38:27,178 - INFO - Could not find mod with ID ('quarterstaff', 'explicit.stat_210067635', <ModAffixType.SUFFIX: 'suffix'>). Creating and caching.

2025-05-28 19:38:27,178 - INFO - Could not find mod with ID ('quarterstaff', 'fractured.stat_387439868', <ModAffixType.PREFIX: 'prefix'>). Creating and caching.

2025-05-28 19:38:27,180 - INFO - Could not find mod with ID ('quarterstaff', 'explicit.stat_709508406', <ModAffixType.PREFIX: 'prefix'>). Creating and caching.

2025-05-28 19:38:27,180 - INFO - Could not find mod with ID ('quarterstaff', 'explicit.stat_3695891184', <ModAffixType.SUFFIX: 'suffix'>). Creating and caching.

2025-05-28 19:38:27,180 - INFO - Could not find mod with ID ('quarterstaff', 'explicit.stat_55876295', <ModAffixType.SUFFIX: 'suffix'>). Creating and caching.

2025-05-28 19:38:27,180 - INFO - Could not find mod with ID ('quarterstaff', 'explicit.stat_1940865751', <ModAffixType.PREFIX: 'prefix'>). Creating and caching.

2025-05-28 19:38:27,181 - INFO - Could not find mod with ID ('quarterstaff', 'explicit.stat_3336890334', <ModAffixType.PREFIX: 'prefix'>). Creating and caching.

2025-05-28 19:38:27,184 - INFO - Could not find mod with ID ('quarterstaff', 'explicit.stat_9187492', <ModAffixType.SUFFIX: 'suffix'>). Creating and caching.

2025-05-28 19:38:27,184 - INFO - Could not find mod with ID ('quarterstaff', 'explicit.stat_518292764', <ModAffixType.SUFFIX: 'suffix'>). Creating and caching.

2025-05-28 19:38:27,185 - INFO - Could not find mod with ID ('quarterstaff', 'explicit.stat_1509134228', <ModAffixType.PREFIX: 'prefix'>). Creating and caching.

2025-05-28 19:38:27,185 - INFO - Could not find mod with ID ('quarterstaff', 'enchant.stat_210067635', None). Creating and caching.

2025-05-28 19:38:27,185 - INFO - Could not find mod with ID ('quarterstaff', 'fractured.stat_1368271171', <ModAffixType.SUFFIX: 'suffix'>). Creating and caching.

2025-05-28 19:38:27,187 - INFO - Could not find mod with ID ('quarterstaff', 'implicit.stat_548198834', None). Creating and caching.

2025-05-28 19:38:27,189 - INFO - Could not find mod with ID ('quarterstaff', 'explicit.stat_3639275092', <ModAffixType.SUFFIX: 'suffix'>). Creating and caching.

2025-05-28 19:38:27,189 - INFO - Could not find mod with ID ('quarterstaff', 'explicit.stat_691932474', <ModAffixType.PREFIX: 'prefix'>). Creating and caching.

2025-05-28 19:38:27,191 - INFO - Could not find mod with ID ('quarterstaff', 'explicit.stat_387439868', <ModAffixType.PREFIX: 'prefix'>). Creating and caching.

2025-05-28 19:38:27,192 - INFO - Could not find mod with ID ('quarterstaff', 'enchant.stat_3885634897', None). Creating and caching.

2025-05-28 19:38:27,194 - INFO - Could not find mod with ID ('quarterstaff', 'explicit.stat_2694482655', <ModAffixType.SUFFIX: 'suffix'>). Creating and caching.

2025-05-28 19:38:27,198 - INFO - Could not find mod with ID ('quarterstaff', 'explicit.stat_821021828', <ModAffixType.SUFFIX: 'suffix'>). Creating and caching.

2025-05-28 19:38:27,199 - INFO - Could not find mod with ID ('quarterstaff', 'explicit.stat_3261801346', <ModAffixType.SUFFIX: 'suffix'>). Creating and caching.

2025-05-28 19:38:27,200 - INFO - Could not find mod with ID ('quarterstaff', 'explicit.stat_669069897', <ModAffixType.SUFFIX: 'suffix'>). Creating and caching.

2025-05-28 19:38:27,203 - INFO - Could not find mod with ID ('quarterstaff', 'explicit.stat_1263695895', 'explicit.stat_691932474', <ModAffixType.SUFFIX: 'suffix'>). Creating and caching.

2025-05-28 19:38:27,206 - INFO - Could not find mod with ID ('quarterstaff', 'explicit.stat_328541901', <ModAffixType.SUFFIX: 'suffix'>). Creating and caching.

2025-05-28 19:38:27,206 - INFO - Could not find mod with ID ('quarterstaff', 'fractured.stat_3336890334', <ModAffixType.PREFIX: 'prefix'>). Creating and caching.

2025-05-28 19:38:27,208 - INFO - NEW LISTING DATA
None

2025-05-28 19:38:27,208 - ERROR - Exception in calculate: 'classmethod' object is not callable
Traceback (most recent call last):
  File "C:\Users\13198\Downloads\Github\PoE-Economy-Analysis\shared\logging\logging_utils.py", line 9, in wrapper
    return func(*args, **kwargs)
           ^^^^^^^^^^^^^^^^^^^^^
TypeError: 'classmethod' object is not callable
2025-05-28 19:38:47,583 - INFO - Processing query 1 of 144 queries.

2025-05-28 19:38:47,772 - INFO - Setting new limits.
	Account limits: [(100, 5, 60)]
	Account state: [(0, 5, 60)]
	IP limits: [(5, 10, 60), (15, 60, 300), (30, 300, 1800)]
	IP state: [(1, 10, 0), (2, 60, 0), (2, 300, 0)]

2025-05-28 19:38:47,931 - INFO - Setting new limits.
	Account limits: [(100, 5, 60)]
	Account state: [(0, 5, 60)]
	IP limits: [(12, 4, 10), (16, 12, 300)]
	IP state: [(1, 4, 0), (1, 12, 0)]

2025-05-28 19:38:48,139 - INFO - 13 valid query responses out of 13.

2025-05-28 19:38:48,140 - INFO - Could not find mod with ID ('crossbow', 'implicit.stat_1967051901', None). Creating and caching.

2025-05-28 19:38:48,140 - INFO - Could not find mod with ID ('crossbow', 'explicit.stat_669069897', <ModAffixType.SUFFIX: 'suffix'>). Creating and caching.

2025-05-28 19:38:48,141 - INFO - Could not find mod with ID ('crossbow', 'explicit.stat_691932474', <ModAffixType.PREFIX: 'prefix'>). Creating and caching.

2025-05-28 19:38:48,141 - INFO - Could not find mod with ID ('crossbow', 'explicit.stat_3261801346', <ModAffixType.SUFFIX: 'suffix'>). Creating and caching.

2025-05-28 19:38:48,141 - INFO - Could not find mod with ID ('crossbow', 'explicit.stat_3639275092', <ModAffixType.SUFFIX: 'suffix'>). Creating and caching.

2025-05-28 19:38:48,141 - INFO - Could not find mod with ID ('crossbow', 'explicit.stat_387439868', <ModAffixType.PREFIX: 'prefix'>). Creating and caching.

2025-05-28 19:38:48,141 - INFO - Could not find mod with ID ('crossbow', 'explicit.stat_3336890334', <ModAffixType.PREFIX: 'prefix'>). Creating and caching.

2025-05-28 19:38:48,143 - INFO - Could not find mod with ID ('crossbow', 'implicit.stat_1980802737', None). Creating and caching.

2025-05-28 19:38:48,143 - INFO - Could not find mod with ID ('crossbow', 'explicit.stat_1202301673', <ModAffixType.SUFFIX: 'suffix'>). Creating and caching.

2025-05-28 19:38:48,144 - INFO - Could not find mod with ID ('crossbow', 'explicit.stat_3695891184', <ModAffixType.SUFFIX: 'suffix'>). Creating and caching.

2025-05-28 19:38:48,144 - INFO - Could not find mod with ID ('crossbow', 'explicit.stat_518292764', <ModAffixType.SUFFIX: 'suffix'>). Creating and caching.

2025-05-28 19:38:48,144 - INFO - Could not find mod with ID ('crossbow', 'explicit.stat_709508406', <ModAffixType.PREFIX: 'prefix'>). Creating and caching.

2025-05-28 19:38:48,144 - INFO - Could not find mod with ID ('crossbow', 'explicit.stat_1509134228', <ModAffixType.PREFIX: 'prefix'>). Creating and caching.

2025-05-28 19:38:48,146 - INFO - Could not find mod with ID ('crossbow', 'explicit.stat_1368271171', <ModAffixType.SUFFIX: 'suffix'>). Creating and caching.

2025-05-28 19:38:48,146 - INFO - Could not find mod with ID ('crossbow', 'explicit.stat_1509134228', 'explicit.stat_691932474', <ModAffixType.PREFIX: 'prefix'>). Creating and caching.

2025-05-28 19:38:48,148 - INFO - Could not find mod with ID ('crossbow', 'explicit.stat_55876295', <ModAffixType.SUFFIX: 'suffix'>). Creating and caching.

2025-05-28 19:38:48,148 - INFO - Could not find mod with ID ('crossbow', 'explicit.stat_210067635', <ModAffixType.SUFFIX: 'suffix'>). Creating and caching.

2025-05-28 19:38:48,150 - INFO - Could not find mod with ID ('crossbow', 'explicit.stat_1037193709', <ModAffixType.PREFIX: 'prefix'>). Creating and caching.

2025-05-28 19:38:48,152 - INFO - Could not find mod with ID ('crossbow', 'explicit.stat_1940865751', <ModAffixType.PREFIX: 'prefix'>). Creating and caching.

2025-05-28 19:38:48,153 - INFO - Could not find mod with ID ('crossbow', 'explicit.stat_2694482655', <ModAffixType.SUFFIX: 'suffix'>). Creating and caching.

2025-05-28 19:38:48,155 - INFO - Could not find mod with ID ('crossbow', 'explicit.stat_4080418644', <ModAffixType.SUFFIX: 'suffix'>). Creating and caching.

2025-05-28 19:38:48,155 - INFO - Could not find mod with ID ('crossbow', 'enchant.stat_387439868', None). Creating and caching.

2025-05-28 19:38:48,156 - INFO - Could not find mod with ID ('crossbow', 'explicit.stat_1967051901', <ModAffixType.SUFFIX: 'suffix'>). Creating and caching.

2025-05-28 19:38:48,158 - INFO - Could not find mod with ID ('crossbow', 'implicit.stat_1803308202', None). Creating and caching.

2025-05-28 19:38:48,163 - INFO - NEW LISTING DATA
None

2025-05-28 19:38:48,164 - ERROR - Exception in calculate: 'classmethod' object is not callable
Traceback (most recent call last):
  File "C:\Users\13198\Downloads\Github\PoE-Economy-Analysis\shared\logging\logging_utils.py", line 9, in wrapper
    return func(*args, **kwargs)
           ^^^^^^^^^^^^^^^^^^^^^
TypeError: 'classmethod' object is not callable
2025-05-28 19:41:17,173 - INFO - Processing query 1 of 144 queries.

2025-05-28 19:41:17,461 - INFO - Setting new limits.
	Account limits: [(100, 5, 60)]
	Account state: [(0, 5, 60)]
	IP limits: [(5, 10, 60), (15, 60, 300), (30, 300, 1800)]
	IP state: [(1, 10, 0), (1, 60, 0), (3, 300, 0)]

2025-05-28 19:41:17,461 - INFO - Total valid responses in 0.0 minutes: 0

2025-05-28 19:41:17,462 - INFO - Processing query 2 of 144 queries.

2025-05-28 19:41:17,980 - INFO - Setting new limits.
	Account limits: [(100, 5, 60)]
	Account state: [(0, 5, 60)]
	IP limits: [(12, 4, 10), (16, 12, 300)]
	IP state: [(1, 4, 0), (1, 12, 0)]

2025-05-28 19:41:18,934 - INFO - 50 valid query responses out of 50.

2025-05-28 19:41:18,934 - INFO - Could not find mod with ID ('two_hand_mace', 'implicit.stat_1541903247', None). Creating and caching.

2025-05-28 19:41:18,935 - INFO - Could not find mod with ID ('two_hand_mace', 'explicit.stat_1509134228', 'explicit.stat_691932474', <ModAffixType.PREFIX: 'prefix'>). Creating and caching.

2025-05-28 19:41:18,935 - INFO - Could not find mod with ID ('two_hand_mace', 'explicit.stat_791928121', <ModAffixType.SUFFIX: 'suffix'>). Creating and caching.

2025-05-28 19:41:18,935 - INFO - Could not find mod with ID ('two_hand_mace', 'explicit.stat_1263695895', 'explicit.stat_691932474', <ModAffixType.SUFFIX: 'suffix'>). Creating and caching.

2025-05-28 19:41:18,935 - INFO - Could not find mod with ID ('two_hand_mace', 'explicit.stat_387439868', <ModAffixType.PREFIX: 'prefix'>). Creating and caching.

2025-05-28 19:41:18,935 - INFO - Could not find mod with ID ('two_hand_mace', 'explicit.stat_4080418644', <ModAffixType.SUFFIX: 'suffix'>). Creating and caching.

2025-05-28 19:41:18,935 - INFO - Could not find mod with ID ('two_hand_mace', 'enchant.stat_1037193709', None). Creating and caching.

2025-05-28 19:41:18,936 - INFO - Could not find mod with ID ('two_hand_mace', 'implicit.stat_791928121', None). Creating and caching.

2025-05-28 19:41:18,936 - INFO - Could not find mod with ID ('two_hand_mace', 'explicit.stat_55876295', <ModAffixType.SUFFIX: 'suffix'>). Creating and caching.

2025-05-28 19:41:18,937 - INFO - Could not find mod with ID ('two_hand_mace', 'explicit.stat_821021828', <ModAffixType.SUFFIX: 'suffix'>). Creating and caching.

2025-05-28 19:41:18,937 - INFO - Could not find mod with ID ('two_hand_mace', 'explicit.stat_210067635', <ModAffixType.SUFFIX: 'suffix'>). Creating and caching.

2025-05-28 19:41:18,937 - INFO - Could not find mod with ID ('two_hand_mace', 'explicit.stat_709508406', <ModAffixType.PREFIX: 'prefix'>). Creating and caching.

2025-05-28 19:41:18,938 - INFO - Could not find mod with ID ('two_hand_mace', 'explicit.stat_1037193709', <ModAffixType.PREFIX: 'prefix'>). Creating and caching.

2025-05-28 19:41:18,938 - INFO - Could not find mod with ID ('two_hand_mace', 'explicit.stat_1940865751', <ModAffixType.PREFIX: 'prefix'>). Creating and caching.

2025-05-28 19:41:18,938 - INFO - Could not find mod with ID ('two_hand_mace', 'explicit.stat_3639275092', <ModAffixType.SUFFIX: 'suffix'>). Creating and caching.

2025-05-28 19:41:18,939 - INFO - Could not find mod with ID ('two_hand_mace', 'implicit.stat_3675300253', None). Creating and caching.

2025-05-28 19:41:18,939 - INFO - Could not find mod with ID ('two_hand_mace', 'explicit.stat_691932474', <ModAffixType.PREFIX: 'prefix'>). Creating and caching.

2025-05-28 19:41:18,939 - INFO - Could not find mod with ID ('two_hand_mace', 'explicit.stat_1368271171', <ModAffixType.SUFFIX: 'suffix'>). Creating and caching.

2025-05-28 19:41:18,940 - INFO - Could not find mod with ID ('two_hand_mace', 'explicit.stat_2694482655', <ModAffixType.SUFFIX: 'suffix'>). Creating and caching.

2025-05-28 19:41:18,940 - INFO - Could not find mod with ID ('two_hand_mace', 'explicit.stat_1509134228', <ModAffixType.PREFIX: 'prefix'>). Creating and caching.

2025-05-28 19:41:18,940 - INFO - Could not find mod with ID ('two_hand_mace', 'explicit.stat_518292764', <ModAffixType.SUFFIX: 'suffix'>). Creating and caching.

2025-05-28 19:41:18,940 - INFO - Could not find mod with ID ('two_hand_mace', 'enchant.stat_210067635', None). Creating and caching.

2025-05-28 19:41:18,942 - INFO - Could not find mod with ID ('two_hand_mace', 'explicit.stat_3336890334', <ModAffixType.PREFIX: 'prefix'>). Creating and caching.

2025-05-28 19:41:18,943 - INFO - Could not find mod with ID ('two_hand_mace', 'explicit.stat_669069897', <ModAffixType.SUFFIX: 'suffix'>). Creating and caching.

2025-05-28 19:41:18,943 - INFO - Could not find mod with ID ('two_hand_mace', 'enchant.stat_1725749947', None). Creating and caching.

2025-05-28 19:41:18,945 - INFO - Could not find mod with ID ('two_hand_mace', 'explicit.stat_9187492', <ModAffixType.SUFFIX: 'suffix'>). Creating and caching.

2025-05-28 19:41:18,948 - INFO - Could not find mod with ID ('two_hand_mace', 'explicit.stat_3695891184', <ModAffixType.SUFFIX: 'suffix'>). Creating and caching.

2025-05-28 19:41:18,951 - INFO - Could not find mod with ID ('two_hand_mace', 'fractured.stat_1037193709', <ModAffixType.PREFIX: 'prefix'>). Creating and caching.

2025-05-28 19:41:18,952 - INFO - Could not find mod with ID ('two_hand_mace', 'fractured.stat_3336890334', <ModAffixType.PREFIX: 'prefix'>). Creating and caching.

2025-05-28 19:41:18,953 - INFO - Could not find mod with ID ('two_hand_mace', 'fractured.stat_691932474', <ModAffixType.PREFIX: 'prefix'>). Creating and caching.

2025-05-28 19:41:18,956 - INFO - Could not find mod with ID ('two_hand_mace', 'enchant.stat_3336890334', None). Creating and caching.

2025-05-28 19:41:18,957 - INFO - Could not find mod with ID ('two_hand_mace', 'fractured.stat_669069897', <ModAffixType.SUFFIX: 'suffix'>). Creating and caching.

2025-05-28 19:41:18,959 - INFO - Could not find mod with ID ('two_hand_mace', 'fractured.stat_709508406', <ModAffixType.PREFIX: 'prefix'>). Creating and caching.

2025-05-28 19:41:18,960 - INFO - Could not find mod with ID ('two_hand_mace', 'explicit.stat_748522257', <ModAffixType.SUFFIX: 'suffix'>). Creating and caching.

2025-05-28 19:41:18,964 - INFO - Could not find mod with ID ('two_hand_mace', 'fractured.stat_387439868', <ModAffixType.PREFIX: 'prefix'>). Creating and caching.

2025-05-28 19:41:18,968 - INFO - Could not find mod with ID ('two_hand_mace', 'fractured.stat_748522257', <ModAffixType.SUFFIX: 'suffix'>). Creating and caching.

2025-05-28 19:41:18,969 - INFO - Could not find mod with ID ('two_hand_mace', 'fractured.stat_4080418644', <ModAffixType.SUFFIX: 'suffix'>). Creating and caching.

2025-05-28 19:41:18,970 - INFO - Could not find mod with ID ('two_hand_mace', 'fractured.stat_55876295', <ModAffixType.SUFFIX: 'suffix'>). Creating and caching.

2025-05-28 19:41:18,972 - INFO - Could not find mod with ID ('two_hand_mace', 'fractured.stat_791928121', <ModAffixType.SUFFIX: 'suffix'>). Creating and caching.

2025-05-28 19:41:18,974 - INFO - Could not find mod with ID ('two_hand_mace', 'fractured.stat_1940865751', <ModAffixType.PREFIX: 'prefix'>). Creating and caching.

2025-05-28 19:41:18,975 - INFO - Could not find mod with ID ('two_hand_mace', 'fractured.stat_821021828', <ModAffixType.SUFFIX: 'suffix'>). Creating and caching.

2025-05-28 19:41:18,981 - INFO - Could not find mod with ID ('two_hand_mace', 'enchant.stat_1519615863', None). Creating and caching.

2025-05-28 19:41:18,984 - INFO - Could not find mod with ID ('two_hand_mace', 'enchant.stat_548198834', None). Creating and caching.

2025-05-28 19:41:18,986 - INFO - NEW LISTING DATA
None

2025-05-28 19:41:18,987 - INFO - Listing calculations:
None


2025-05-28 19:41:18,987 - ERROR - Exception in fetch_data: File at path C:\Users\13198\Downloads\Github\PoE-Economy-Analysis\file_management\dynamic_files\currency_prices.csv from enum DataPath.CURRENCY_CONVERSIONS not found.
Traceback (most recent call last):
  File "C:\Users\13198\Downloads\Github\PoE-Economy-Analysis\shared\logging\logging_utils.py", line 9, in wrapper
    return func(*args, **kwargs)
           ^^^^^^^^^^^^^^^^^^^^^
  File "C:\Users\13198\Downloads\Github\PoE-Economy-Analysis\file_management\files_manager.py", line 74, in fetch_data
    raise FileNotFoundError(f"File at path {str(path)} from enum {data_path_e} not found.")
FileNotFoundError: File at path C:\Users\13198\Downloads\Github\PoE-Economy-Analysis\file_management\dynamic_files\currency_prices.csv from enum DataPath.CURRENCY_CONVERSIONS not found.
2025-05-28 21:22:33,746 - INFO - Path '/Users/austinsnyder/GitHub/PoE-Economy-Analysis/file_management/dynamic_files/global_poe2db_manager.pkl' does not exist. Creating with default None

2025-05-28 21:22:33,905 - INFO - Processing query 1 of 144 queries.

2025-05-28 21:22:34,150 - INFO - Setting new limits.
	Account limits: [(3, 5, 60)]
	Account state: [(1, 5, 0)]
	IP limits: [(8, 10, 60), (15, 60, 120), (60, 300, 1800)]
	IP state: [(1, 10, 0), (1, 60, 0), (1, 300, 0)]

2025-05-28 21:22:34,295 - INFO - Setting new limits.
	Account limits: [(6, 4, 10)]
	Account state: [(1, 4, 0)]
	IP limits: [(12, 4, 60), (16, 12, 60)]
	IP state: [(1, 4, 0), (1, 12, 0)]

2025-05-28 21:22:59,166 - INFO - Processing query 1 of 144 queries.

2025-05-28 21:22:59,414 - INFO - Setting new limits.
	Account limits: [(3, 5, 60)]
	Account state: [(1, 5, 0)]
	IP limits: [(8, 10, 60), (15, 60, 120), (60, 300, 1800)]
	IP state: [(1, 10, 0), (2, 60, 0), (2, 300, 0)]

2025-05-28 21:22:59,559 - INFO - Setting new limits.
	Account limits: [(6, 4, 10)]
	Account state: [(1, 4, 0)]
	IP limits: [(12, 4, 60), (16, 12, 60)]
	IP state: [(1, 4, 0), (1, 12, 0)]

2025-05-28 21:22:59,563 - INFO - 7 valid query responses out of 7.

2025-05-29 07:17:00,392 - INFO - ['listing_id'] missing from Psql table 'listings'. Will return empty lists for those columns specifically.

2025-05-29 07:23:17,547 - INFO - ['listing_id'] missing from Psql table 'listings'. Will return empty lists for those columns specifically.

2025-05-29 07:23:45,189 - INFO - ['listing_id'] missing from Psql table 'listings'. Will return empty lists for those columns specifically.

2025-05-29 07:26:07,618 - INFO - ['listing_id'] missing from Psql table 'listings'. Will return empty lists for those columns specifically.

2025-05-29 07:26:21,714 - INFO - Processing query 1 of 144 queries.

2025-05-29 07:26:22,159 - INFO - Setting new limits.
	Account limits: [(3, 5, 60)]
	Account state: [(1, 5, 0)]
	IP limits: [(8, 10, 60), (15, 60, 120), (60, 300, 1800)]
	IP state: [(1, 10, 0), (1, 60, 0), (1, 300, 0)]

2025-05-29 07:26:22,456 - INFO - Setting new limits.
	Account limits: [(6, 4, 10)]
	Account state: [(1, 4, 0)]
	IP limits: [(12, 4, 60), (16, 12, 60)]
	IP state: [(1, 4, 0), (1, 12, 0)]

2025-05-29 07:26:31,174 - INFO - 100 valid query responses out of 100.

2025-05-29 07:29:27,773 - INFO - ['listing_id'] missing from Psql table 'listings'. Will return empty lists for those columns specifically.

2025-05-29 07:29:28,099 - INFO - Processing query 1 of 144 queries.

2025-05-29 07:29:28,532 - INFO - Setting new limits.
	Account limits: [(3, 5, 60)]
	Account state: [(1, 5, 0)]
	IP limits: [(8, 10, 60), (15, 60, 120), (60, 300, 1800)]
	IP state: [(1, 10, 0), (1, 60, 0), (1, 300, 0)]

2025-05-29 07:29:28,851 - INFO - Setting new limits.
	Account limits: [(6, 4, 10)]
	Account state: [(1, 4, 0)]
	IP limits: [(12, 4, 60), (16, 12, 60)]
	IP state: [(1, 4, 0), (1, 12, 0)]

2025-05-29 07:29:28,854 - INFO - 3 valid query responses out of 3.

2025-05-29 07:29:57,806 - INFO - ['listing_id'] missing from Psql table 'listings'. Will return empty lists for those columns specifically.

2025-05-29 07:33:53,767 - INFO - ['listing_id'] missing from Psql table 'listings'. Will return empty lists for those columns specifically.

2025-05-29 07:33:54,111 - INFO - Processing query 1 of 144 queries.

2025-05-29 07:33:54,524 - INFO - Setting new limits.
	Account limits: [(3, 5, 60)]
	Account state: [(1, 5, 0)]
	IP limits: [(8, 10, 60), (15, 60, 120), (60, 300, 1800)]
	IP state: [(1, 10, 0), (1, 60, 0), (2, 300, 0)]

2025-05-29 07:33:54,526 - INFO - Total valid responses in 0.0 minutes: 0

2025-05-29 07:33:54,530 - INFO - Processing query 2 of 144 queries.

2025-05-29 07:34:40,616 - INFO - ['listing_id'] missing from Psql table 'listings'. Will return empty lists for those columns specifically.

2025-05-29 07:34:40,991 - INFO - Processing query 1 of 144 queries.

2025-05-29 07:34:41,518 - INFO - Setting new limits.
	Account limits: [(3, 5, 60)]
	Account state: [(1, 5, 0)]
	IP limits: [(8, 10, 60), (15, 60, 120), (60, 300, 1800)]
	IP state: [(1, 10, 0), (2, 60, 0), (2, 300, 0)]

2025-05-29 07:34:41,520 - INFO - Total valid responses in 0.0 minutes: 0

2025-05-29 07:34:41,522 - INFO - Processing query 2 of 144 queries.

2025-05-29 07:34:47,303 - INFO - Setting new limits.
	Account limits: [(6, 4, 10)]
	Account state: [(1, 4, 0)]
	IP limits: [(12, 4, 60), (16, 12, 60)]
	IP state: [(1, 4, 0), (1, 12, 0)]

2025-05-29 07:34:47,909 - INFO - 21 valid query responses out of 21.

2025-05-29 07:34:47,909 - INFO - Could not find mod with ID ('bow', 'implicit.stat_1028592286', None). Creating and caching.

2025-05-29 07:34:47,910 - INFO - Could not find mod with ID ('bow', 'explicit.stat_1037193709', <ModAffixType.PREFIX: 'prefix'>). Creating and caching.

2025-05-29 07:34:47,913 - INFO - Could not find mod with ID ('bow', 'explicit.stat_1509134228', 'explicit.stat_691932474', <ModAffixType.PREFIX: 'prefix'>). Creating and caching.

2025-05-29 07:34:47,914 - INFO - Could not find mod with ID ('bow', 'explicit.stat_1368271171', <ModAffixType.SUFFIX: 'suffix'>). Creating and caching.

2025-05-29 07:34:47,914 - INFO - Could not find mod with ID ('bow', 'explicit.stat_518292764', <ModAffixType.SUFFIX: 'suffix'>). Creating and caching.

2025-05-29 07:34:47,914 - INFO - Could not find mod with ID ('bow', 'explicit.stat_3261801346', <ModAffixType.SUFFIX: 'suffix'>). Creating and caching.

2025-05-29 07:34:47,914 - INFO - Could not find mod with ID ('bow', 'explicit.stat_3336890334', <ModAffixType.PREFIX: 'prefix'>). Creating and caching.

2025-05-29 07:34:47,917 - INFO - Could not find mod with ID ('bow', 'implicit.stat_3885405204', None). Creating and caching.

2025-05-29 07:34:47,917 - INFO - Could not find mod with ID ('bow', 'explicit.stat_1509134228', <ModAffixType.PREFIX: 'prefix'>). Creating and caching.

2025-05-29 07:34:47,917 - INFO - Could not find mod with ID ('bow', 'explicit.stat_2694482655', <ModAffixType.SUFFIX: 'suffix'>). Creating and caching.

2025-05-29 07:34:47,917 - INFO - Could not find mod with ID ('bow', 'explicit.stat_55876295', <ModAffixType.SUFFIX: 'suffix'>). Creating and caching.

2025-05-29 07:34:47,917 - INFO - Could not find mod with ID ('bow', 'explicit.stat_669069897', <ModAffixType.SUFFIX: 'suffix'>). Creating and caching.

2025-05-29 07:34:47,918 - INFO - Could not find mod with ID ('bow', 'explicit.stat_1263695895', 'explicit.stat_691932474', <ModAffixType.SUFFIX: 'suffix'>). Creating and caching.

2025-05-29 07:34:47,918 - INFO - Could not find mod with ID ('bow', 'explicit.stat_1940865751', <ModAffixType.PREFIX: 'prefix'>). Creating and caching.

2025-05-29 07:34:47,919 - INFO - Could not find mod with ID ('bow', 'explicit.stat_709508406', <ModAffixType.PREFIX: 'prefix'>). Creating and caching.

2025-05-29 07:34:47,919 - INFO - Could not find mod with ID ('bow', 'explicit.stat_3695891184', <ModAffixType.SUFFIX: 'suffix'>). Creating and caching.

2025-05-29 07:34:47,920 - INFO - Could not find mod with ID ('bow', 'explicit.stat_210067635', <ModAffixType.SUFFIX: 'suffix'>). Creating and caching.

2025-05-29 07:34:47,920 - INFO - Could not find mod with ID ('bow', 'explicit.stat_387439868', <ModAffixType.PREFIX: 'prefix'>). Creating and caching.

2025-05-29 07:34:47,921 - INFO - Could not find mod with ID ('bow', 'explicit.stat_3639275092', <ModAffixType.SUFFIX: 'suffix'>). Creating and caching.

2025-05-29 07:34:47,922 - INFO - Could not find mod with ID ('bow', 'explicit.stat_691932474', <ModAffixType.PREFIX: 'prefix'>). Creating and caching.

2025-05-29 07:34:47,923 - INFO - Could not find mod with ID ('bow', 'explicit.stat_821021828', <ModAffixType.SUFFIX: 'suffix'>). Creating and caching.

2025-05-29 07:34:47,926 - INFO - Could not find mod with ID ('bow', 'explicit.stat_1202301673', <ModAffixType.SUFFIX: 'suffix'>). Creating and caching.

2025-05-29 07:34:47,935 - INFO - NEW LISTING DATA
None

2025-05-29 07:34:47,935 - INFO - Listing calculations:
None


2025-05-29 07:34:47,935 - ERROR - Exception in fetch_data: File at path /Users/austinsnyder/GitHub/PoE-Economy-Analysis/file_management/dynamic_files/currency_prices.csv from enum DataPath.CURRENCY_CONVERSIONS not found.
Traceback (most recent call last):
  File "/Users/austinsnyder/GitHub/PoE-Economy-Analysis/shared/logging/logging_utils.py", line 9, in wrapper
    return func(*args, **kwargs)
  File "/Users/austinsnyder/GitHub/PoE-Economy-Analysis/file_management/files_manager.py", line 74, in fetch_data
    raise FileNotFoundError(f"File at path {str(path)} from enum {data_path_e} not found.")
FileNotFoundError: File at path /Users/austinsnyder/GitHub/PoE-Economy-Analysis/file_management/dynamic_files/currency_prices.csv from enum DataPath.CURRENCY_CONVERSIONS not found.
2025-05-29 07:39:53,044 - INFO - ['listing_id'] missing from Psql table 'listings'. Will return empty lists for those columns specifically.

2025-05-29 07:39:53,414 - INFO - Processing query 1 of 144 queries.

2025-05-29 07:39:53,847 - INFO - Setting new limits.
	Account limits: [(3, 5, 60)]
	Account state: [(1, 5, 0)]
	IP limits: [(8, 10, 60), (15, 60, 120), (60, 300, 1800)]
	IP state: [(1, 10, 0), (1, 60, 0), (1, 300, 0)]

2025-05-29 07:39:54,327 - INFO - Setting new limits.
	Account limits: [(6, 4, 10)]
	Account state: [(1, 4, 0)]
	IP limits: [(12, 4, 60), (16, 12, 60)]
	IP state: [(1, 4, 0), (1, 12, 0)]

2025-05-29 07:39:54,720 - INFO - 20 valid query responses out of 20.

2025-05-29 07:39:54,720 - INFO - Could not find mod with ID ('two_hand_mace', 'explicit.stat_4080418644', <ModAffixType.SUFFIX: 'suffix'>). Creating and caching.

2025-05-29 07:39:54,722 - INFO - Could not find mod with ID ('two_hand_mace', 'explicit.stat_669069897', <ModAffixType.SUFFIX: 'suffix'>). Creating and caching.

2025-05-29 07:39:54,723 - INFO - Could not find mod with ID ('two_hand_mace', 'explicit.stat_387439868', <ModAffixType.PREFIX: 'prefix'>). Creating and caching.

2025-05-29 07:39:54,723 - INFO - Could not find mod with ID ('two_hand_mace', 'explicit.stat_1368271171', <ModAffixType.SUFFIX: 'suffix'>). Creating and caching.

2025-05-29 07:39:54,725 - INFO - Could not find mod with ID ('two_hand_mace', 'explicit.stat_9187492', <ModAffixType.SUFFIX: 'suffix'>). Creating and caching.

2025-05-29 07:39:54,725 - INFO - Could not find mod with ID ('two_hand_mace', 'explicit.stat_55876295', <ModAffixType.SUFFIX: 'suffix'>). Creating and caching.

2025-05-29 07:39:54,725 - INFO - Could not find mod with ID ('two_hand_mace', 'explicit.stat_709508406', <ModAffixType.PREFIX: 'prefix'>). Creating and caching.

2025-05-29 07:39:54,725 - INFO - Could not find mod with ID ('two_hand_mace', 'explicit.stat_1509134228', <ModAffixType.PREFIX: 'prefix'>). Creating and caching.

2025-05-29 07:39:54,726 - INFO - Could not find mod with ID ('two_hand_mace', 'explicit.stat_518292764', <ModAffixType.SUFFIX: 'suffix'>). Creating and caching.

2025-05-29 07:39:54,726 - INFO - Could not find mod with ID ('two_hand_mace', 'explicit.stat_748522257', <ModAffixType.SUFFIX: 'suffix'>). Creating and caching.

2025-05-29 07:39:54,726 - INFO - Could not find mod with ID ('two_hand_mace', 'explicit.stat_1037193709', <ModAffixType.PREFIX: 'prefix'>). Creating and caching.

2025-05-29 07:39:54,727 - INFO - Could not find mod with ID ('two_hand_mace', 'explicit.stat_821021828', <ModAffixType.SUFFIX: 'suffix'>). Creating and caching.

2025-05-29 07:39:54,727 - INFO - Could not find mod with ID ('two_hand_mace', 'explicit.stat_3695891184', <ModAffixType.SUFFIX: 'suffix'>). Creating and caching.

2025-05-29 07:39:54,728 - INFO - Could not find mod with ID ('two_hand_mace', 'explicit.stat_2694482655', <ModAffixType.SUFFIX: 'suffix'>). Creating and caching.

2025-05-29 07:39:54,728 - INFO - Could not find mod with ID ('two_hand_mace', 'explicit.stat_1509134228', 'explicit.stat_691932474', <ModAffixType.PREFIX: 'prefix'>). Creating and caching.

2025-05-29 07:39:54,730 - INFO - Could not find mod with ID ('two_hand_mace', 'implicit.stat_1541903247', None). Creating and caching.

2025-05-29 07:39:54,730 - INFO - Could not find mod with ID ('two_hand_mace', 'explicit.stat_3639275092', <ModAffixType.SUFFIX: 'suffix'>). Creating and caching.

2025-05-29 07:39:54,730 - INFO - Could not find mod with ID ('two_hand_mace', 'explicit.stat_1940865751', <ModAffixType.PREFIX: 'prefix'>). Creating and caching.

2025-05-29 07:39:54,731 - INFO - Could not find mod with ID ('two_hand_mace', 'implicit.stat_3675300253', None). Creating and caching.

2025-05-29 07:39:54,731 - INFO - Could not find mod with ID ('two_hand_mace', 'explicit.stat_691932474', <ModAffixType.PREFIX: 'prefix'>). Creating and caching.

2025-05-29 07:39:54,732 - INFO - Could not find mod with ID ('two_hand_mace', 'explicit.stat_3336890334', <ModAffixType.PREFIX: 'prefix'>). Creating and caching.

2025-05-29 07:39:54,733 - INFO - Could not find mod with ID ('two_hand_mace', 'explicit.stat_210067635', <ModAffixType.SUFFIX: 'suffix'>). Creating and caching.

2025-05-29 07:39:54,735 - INFO - Could not find mod with ID ('two_hand_mace', 'explicit.stat_791928121', <ModAffixType.SUFFIX: 'suffix'>). Creating and caching.

2025-05-29 07:39:54,735 - INFO - Could not find mod with ID ('two_hand_mace', 'implicit.stat_791928121', None). Creating and caching.

2025-05-29 07:39:54,741 - INFO - NEW LISTING DATA
None

2025-05-29 07:39:54,741 - INFO - Listing calculations:
None


2025-05-29 08:30:04,492 - INFO - Path 'C:\Users\austisnyder\Documents\GitHub\PoE-Economy-Analysis\file_management\dynamic_files\raw_listings.json' does not exist. Creating with default []

2025-05-29 08:30:04,493 - INFO - Path 'C:\Users\austisnyder\Documents\GitHub\PoE-Economy-Analysis\file_management\dynamic_files\global_poe2db_manager.pkl' does not exist. Creating with default None

2025-05-29 08:30:04,588 - INFO - Path 'C:\Users\austisnyder\Documents\GitHub\PoE-Economy-Analysis\file_management\dynamic_files\item_mods.pkl' does not exist. Creating with default {}

2025-05-29 08:30:04,595 - INFO - Processing query 1 of 144 queries.

2025-05-29 08:30:04,655 - ERROR - Exception in send_request: 403 Client Error: Forbidden for url: https://www.pathofexile.com/api/trade2/search/poe2/Dawn%20of%20the%20Hunt
Traceback (most recent call last):
  File "C:\Users\austisnyder\Documents\GitHub\PoE-Economy-Analysis\shared\logging\logging_utils.py", line 9, in wrapper
    return func(*args, **kwargs)
           ^^^^^^^^^^^^^^^^^^^^^
  File "C:\Users\austisnyder\Documents\GitHub\PoE-Economy-Analysis\trade_api\request_throttler.py", line 190, in send_request
    response.raise_for_status()
  File "C:\Users\austisnyder\Documents\GitHub\PoE-Economy-Analysis\.venv\Lib\site-packages\requests\models.py", line 1024, in raise_for_status
    raise HTTPError(http_error_msg, response=self)
requests.exceptions.HTTPError: 403 Client Error: Forbidden for url: https://www.pathofexile.com/api/trade2/search/poe2/Dawn%20of%20the%20Hunt
2025-05-29 08:30:04,669 - ERROR - Exception in _post_for_search_id: 403 Client Error: Forbidden for url: https://www.pathofexile.com/api/trade2/search/poe2/Dawn%20of%20the%20Hunt
Traceback (most recent call last):
  File "C:\Users\austisnyder\Documents\GitHub\PoE-Economy-Analysis\shared\logging\logging_utils.py", line 9, in wrapper
    return func(*args, **kwargs)
           ^^^^^^^^^^^^^^^^^^^^^
  File "C:\Users\austisnyder\Documents\GitHub\PoE-Economy-Analysis\trade_api\trade_items_fetcher.py", line 47, in _post_for_search_id
    response = cls.request_throttler.send_request(
               ^^^^^^^^^^^^^^^^^^^^^^^^^^^^^^^^^^^
  File "C:\Users\austisnyder\Documents\GitHub\PoE-Economy-Analysis\shared\logging\logging_utils.py", line 9, in wrapper
    return func(*args, **kwargs)
           ^^^^^^^^^^^^^^^^^^^^^
  File "C:\Users\austisnyder\Documents\GitHub\PoE-Economy-Analysis\trade_api\request_throttler.py", line 190, in send_request
    response.raise_for_status()
  File "C:\Users\austisnyder\Documents\GitHub\PoE-Economy-Analysis\.venv\Lib\site-packages\requests\models.py", line 1024, in raise_for_status
    raise HTTPError(http_error_msg, response=self)
requests.exceptions.HTTPError: 403 Client Error: Forbidden for url: https://www.pathofexile.com/api/trade2/search/poe2/Dawn%20of%20the%20Hunt
2025-05-30 17:12:58,326 - INFO - Processing query 1 of 144 queries.

2025-05-30 17:12:58,848 - INFO - Setting new limits.
	Account limits: [(3, 5, 60)]
	Account state: [(1, 5, 0)]
	IP limits: [(8, 10, 60), (15, 60, 120), (60, 300, 1800)]
	IP state: [(1, 10, 0), (1, 60, 0), (1, 300, 0)]

2025-05-30 17:12:59,128 - INFO - Setting new limits.
	Account limits: [(6, 4, 10)]
	Account state: [(1, 4, 0)]
	IP limits: [(12, 4, 60), (16, 12, 60)]
	IP state: [(1, 4, 0), (1, 12, 0)]

2025-05-30 17:13:57,804 - INFO - Processing query 1 of 144 queries.

2025-05-30 17:13:59,480 - INFO - Setting new limits.
	Account limits: [(3, 5, 60)]
	Account state: [(1, 5, 0)]
	IP limits: [(8, 10, 60), (15, 60, 120), (60, 300, 1800)]
	IP state: [(1, 10, 0), (1, 60, 0), (2, 300, 0)]

2025-05-30 17:13:59,839 - INFO - Setting new limits.
	Account limits: [(6, 4, 10)]
	Account state: [(1, 4, 0)]
	IP limits: [(12, 4, 60), (16, 12, 60)]
	IP state: [(1, 4, 0), (1, 12, 0)]

2025-05-30 17:18:33,311 - INFO - Processing query 1 of 144 queries.

2025-05-30 17:18:34,687 - INFO - Setting new limits.
	Account limits: [(3, 5, 60)]
	Account state: [(1, 5, 0)]
	IP limits: [(8, 10, 60), (15, 60, 120), (60, 300, 1800)]
	IP state: [(1, 10, 0), (1, 60, 0), (1, 300, 0)]

2025-05-30 17:18:35,964 - INFO - Setting new limits.
	Account limits: [(6, 4, 10)]
	Account state: [(1, 4, 0)]
	IP limits: [(12, 4, 60), (16, 12, 60)]
	IP state: [(1, 4, 0), (1, 12, 0)]

2025-05-30 17:21:46,670 - INFO - Processing query 1 of 144 queries.

2025-05-30 17:21:47,169 - INFO - Setting new limits.
	Account limits: [(3, 5, 60)]
	Account state: [(1, 5, 0)]
	IP limits: [(8, 10, 60), (15, 60, 120), (60, 300, 1800)]
	IP state: [(1, 10, 0), (1, 60, 0), (2, 300, 0)]

2025-05-30 17:21:47,454 - INFO - Setting new limits.
	Account limits: [(6, 4, 10)]
	Account state: [(1, 4, 0)]
	IP limits: [(12, 4, 60), (16, 12, 60)]
	IP state: [(1, 4, 0), (1, 12, 0)]

2025-05-30 17:21:53,347 - INFO - 89 valid query responses out of 89.

2025-05-30 17:22:28,386 - INFO - Processing query 1 of 144 queries.

2025-05-30 17:22:28,795 - INFO - Setting new limits.
	Account limits: [(3, 5, 60)]
	Account state: [(1, 5, 0)]
	IP limits: [(8, 10, 60), (15, 60, 120), (60, 300, 1800)]
	IP state: [(1, 10, 0), (2, 60, 0), (3, 300, 0)]

2025-05-30 17:22:29,077 - INFO - Setting new limits.
	Account limits: [(6, 4, 10)]
	Account state: [(1, 4, 0)]
	IP limits: [(12, 4, 60), (16, 12, 60)]
	IP state: [(1, 4, 0), (1, 12, 0)]

2025-05-30 17:22:29,085 - INFO - 6 valid query responses out of 6.

2025-05-30 17:22:29,086 - INFO - Could not find mod with ID ('spear', 'explicit.stat_3261801346', <ModAffixType.SUFFIX: 'suffix'>). Creating and caching.

2025-05-30 17:22:29,086 - ERROR - Exception in resolve_mods: 'spear'
Traceback (most recent call last):
  File "/Users/austinsnyder/GitHub/PoE-Economy-Analysis/shared/logging/logging_utils.py", line 9, in wrapper
    return func(*args, **kwargs)
  File "/Users/austinsnyder/GitHub/PoE-Economy-Analysis/data_handling/listing_builder.py", line 196, in resolve_mods
    new_mod = self._create_item_mod(mod_data=mod_data,
                                    mod_class=mod_class_e,
                                    affix_type=affix_type)
  File "/Users/austinsnyder/GitHub/PoE-Economy-Analysis/data_handling/listing_builder.py", line 153, in _create_item_mod
    matched_poe2db_mod_id = self.mod_matcher.match_mod(new_mod)
  File "/Users/austinsnyder/GitHub/PoE-Economy-Analysis/data_handling/mod_matching.py", line 177, in match_mod
    coe_mod_id_match = self._attempt_match(item_mod=item_mod, min_score=95.0)
  File "/Users/austinsnyder/GitHub/PoE-Economy-Analysis/data_handling/mod_matching.py", line 166, in _attempt_match
    match = self._attempt_singleton_match(item_mod, min_score)
  File "/Users/austinsnyder/GitHub/PoE-Economy-Analysis/data_handling/mod_matching.py", line 138, in _attempt_singleton_match
    atype_manager = self._poe2db_mods_manager.fetch_atype_manager(atype=item_mod.atype)
  File "/Users/austinsnyder/GitHub/PoE-Economy-Analysis/poe2db_scrape/mods_management.py", line 172, in fetch_atype_manager
    return self._atypes_managers[atype]
           ~~~~~~~~~~~~~~~~~~~~~^^^^^^^
KeyError: 'spear'
2025-05-30 17:24:11,431 - INFO - Processing query 1 of 144 queries.

2025-05-30 17:24:12,128 - INFO - Setting new limits.
	Account limits: [(3, 5, 60)]
	Account state: [(1, 5, 0)]
	IP limits: [(8, 10, 60), (15, 60, 120), (60, 300, 1800)]
	IP state: [(1, 10, 0), (1, 60, 0), (3, 300, 0)]

2025-05-30 17:24:12,389 - INFO - Setting new limits.
	Account limits: [(6, 4, 10)]
	Account state: [(1, 4, 0)]
	IP limits: [(12, 4, 60), (16, 12, 60)]
	IP state: [(1, 4, 0), (1, 12, 0)]

2025-05-30 17:24:21,208 - INFO - 92 valid query responses out of 92.

2025-05-30 17:24:23,710 - INFO - Could not find mod with ID ('spear', 'implicit.stat_2763429652', None). Creating and caching.

2025-05-30 17:24:23,711 - INFO - Could not find mod with ID ('spear', 'explicit.stat_748522257', <ModAffixType.SUFFIX: 'suffix'>). Creating and caching.

2025-05-30 17:28:43,788 - INFO - Path '/Users/austinsnyder/GitHub/PoE-Economy-Analysis/file_management/dynamic_files/raw_listings.json' does not exist. Creating with default []

2025-05-30 17:28:43,854 - INFO - Path '/Users/austinsnyder/GitHub/PoE-Economy-Analysis/file_management/dynamic_files/item_mods.pkl' does not exist. Creating with default {}

2025-05-30 17:28:43,856 - INFO - Processing query 1 of 144 queries.

2025-05-30 17:28:44,344 - INFO - Setting new limits.
	Account limits: [(3, 5, 60)]
	Account state: [(1, 5, 0)]
	IP limits: [(8, 10, 60), (15, 60, 120), (60, 300, 1800)]
	IP state: [(1, 10, 0), (1, 60, 0), (2, 300, 0)]

2025-05-30 17:28:44,608 - INFO - Setting new limits.
	Account limits: [(6, 4, 10)]
	Account state: [(1, 4, 0)]
	IP limits: [(12, 4, 60), (16, 12, 60)]
	IP state: [(1, 4, 0), (1, 12, 0)]

2025-05-30 17:28:44,619 - INFO - 10 valid query responses out of 10.

2025-05-30 17:28:44,619 - ERROR - Exception in resolve_mods: 'dict' object has no attribute 'name'
Traceback (most recent call last):
  File "/Users/austinsnyder/GitHub/PoE-Economy-Analysis/shared/logging/logging_utils.py", line 9, in wrapper
    return func(*args, **kwargs)
  File "/Users/austinsnyder/GitHub/PoE-Economy-Analysis/data_handling/listing_builder.py", line 173, in resolve_mods
    self.current_atype = rp.item_atype
                         ^^^^^^^^^^^^^
  File "/Users/austinsnyder/GitHub/PoE-Economy-Analysis/data_handling/api_response_parser.py", line 232, in item_atype
    str_req=self.str_requirement,
            ^^^^^^^^^^^^^^^^^^^^
  File "/Users/austinsnyder/GitHub/PoE-Economy-Analysis/data_handling/api_response_parser.py", line 243, in str_requirement
    str_req = [req for req in requirements if req.name == '[Strength|Str]']
                                              ^^^^^^^^
AttributeError: 'dict' object has no attribute 'name'
2025-05-30 17:29:03,858 - INFO - Processing query 1 of 144 queries.

2025-05-30 17:29:04,228 - INFO - Setting new limits.
	Account limits: [(3, 5, 60)]
	Account state: [(1, 5, 0)]
	IP limits: [(8, 10, 60), (15, 60, 120), (60, 300, 1800)]
	IP state: [(1, 10, 0), (2, 60, 0), (2, 300, 0)]

2025-05-30 17:29:04,779 - INFO - Setting new limits.
	Account limits: [(6, 4, 10)]
	Account state: [(1, 4, 0)]
	IP limits: [(12, 4, 60), (16, 12, 60)]
	IP state: [(1, 4, 0), (1, 12, 0)]

2025-05-30 17:29:05,972 - INFO - 37 valid query responses out of 37.

2025-05-30 17:29:32,889 - ERROR - Exception in resolve_mods: 'dict' object has no attribute 'name'
Traceback (most recent call last):
  File "/Users/austinsnyder/GitHub/PoE-Economy-Analysis/shared/logging/logging_utils.py", line 9, in wrapper
    return func(*args, **kwargs)
  File "/Users/austinsnyder/GitHub/PoE-Economy-Analysis/data_handling/listing_builder.py", line 173, in resolve_mods
    self.current_atype = rp.item_atype
                         ^^^^^^^^^^^^^
  File "/Users/austinsnyder/GitHub/PoE-Economy-Analysis/data_handling/api_response_parser.py", line 232, in item_atype
    str_req=self.str_requirement,
            ^^^^^^^^^^^^^^^^^^^^
  File "/Users/austinsnyder/GitHub/PoE-Economy-Analysis/data_handling/api_response_parser.py", line 243, in str_requirement
    str_req = [req for req in requirements if req.name == '[Strength|Str]']
                                              ^^^^^^^^
AttributeError: 'dict' object has no attribute 'name'
2025-05-30 17:29:42,091 - INFO - Processing query 1 of 144 queries.

2025-05-30 17:29:43,910 - INFO - Setting new limits.
	Account limits: [(3, 5, 60)]
	Account state: [(1, 5, 0)]
	IP limits: [(8, 10, 60), (15, 60, 120), (60, 300, 1800)]
	IP state: [(1, 10, 0), (2, 60, 0), (3, 300, 0)]

2025-05-30 17:29:44,165 - INFO - Setting new limits.
	Account limits: [(6, 4, 10)]
	Account state: [(1, 4, 0)]
	IP limits: [(12, 4, 60), (16, 12, 60)]
	IP state: [(1, 4, 0), (1, 12, 0)]

2025-05-30 17:29:45,144 - INFO - 32 valid query responses out of 32.

2025-05-30 17:30:45,627 - INFO - Processing query 1 of 144 queries.

2025-05-30 17:30:46,156 - INFO - Setting new limits.
	Account limits: [(3, 5, 60)]
	Account state: [(1, 5, 0)]
	IP limits: [(8, 10, 60), (15, 60, 120), (60, 300, 1800)]
	IP state: [(1, 10, 0), (1, 60, 0), (4, 300, 0)]

2025-05-30 17:30:46,427 - INFO - Setting new limits.
	Account limits: [(6, 4, 10)]
	Account state: [(1, 4, 0)]
	IP limits: [(12, 4, 60), (16, 12, 60)]
	IP state: [(1, 4, 0), (1, 12, 0)]

2025-05-30 17:30:47,319 - INFO - 36 valid query responses out of 36.

2025-05-30 17:31:22,922 - INFO - Processing query 1 of 144 queries.

2025-05-30 17:31:23,529 - INFO - Setting new limits.
	Account limits: [(3, 5, 60)]
	Account state: [(1, 5, 0)]
	IP limits: [(8, 10, 60), (15, 60, 120), (60, 300, 1800)]
	IP state: [(1, 10, 0), (2, 60, 0), (5, 300, 0)]

2025-05-30 17:31:23,924 - INFO - Setting new limits.
	Account limits: [(6, 4, 10)]
	Account state: [(1, 4, 0)]
	IP limits: [(12, 4, 60), (16, 12, 60)]
	IP state: [(1, 4, 0), (1, 12, 0)]

2025-05-30 17:31:28,469 - INFO - 43 valid query responses out of 43.

2025-05-30 17:31:41,465 - ERROR - Exception in resolve_mods: 'dict' object has no attribute 'name'
Traceback (most recent call last):
  File "/Users/austinsnyder/GitHub/PoE-Economy-Analysis/shared/logging/logging_utils.py", line 9, in wrapper
    return func(*args, **kwargs)
  File "/Users/austinsnyder/GitHub/PoE-Economy-Analysis/data_handling/listing_builder.py", line 173, in resolve_mods
    self.current_atype = rp.item_atype
                         ^^^^^^^^^^^^^
  File "/Users/austinsnyder/GitHub/PoE-Economy-Analysis/data_handling/api_response_parser.py", line 233, in item_atype
    dex_req=self.dex_requirement,
            ^^^^^^^^^^^^^^^^^^^^
  File "/Users/austinsnyder/GitHub/PoE-Economy-Analysis/data_handling/api_response_parser.py", line 255, in dex_requirement
    dex_req = [req for req in requirements if req.name == '[Dexterity|Dex]']
                                              ^^^^^^^^
AttributeError: 'dict' object has no attribute 'name'
2025-05-30 17:31:50,890 - INFO - Processing query 1 of 144 queries.

2025-05-30 17:31:51,480 - INFO - Setting new limits.
	Account limits: [(3, 5, 60)]
	Account state: [(1, 5, 0)]
	IP limits: [(8, 10, 60), (15, 60, 120), (60, 300, 1800)]
	IP state: [(1, 10, 0), (2, 60, 0), (6, 300, 0)]

2025-05-30 17:31:57,398 - INFO - Processing query 1 of 144 queries.

2025-05-30 17:31:57,683 - INFO - Setting new limits.
	Account limits: [(3, 5, 60)]
	Account state: [(1, 5, 0)]
	IP limits: [(8, 10, 60), (15, 60, 120), (60, 300, 1800)]
	IP state: [(2, 10, 0), (3, 60, 0), (7, 300, 0)]

2025-05-30 17:31:57,947 - INFO - Setting new limits.
	Account limits: [(6, 4, 10)]
	Account state: [(1, 4, 0)]
	IP limits: [(12, 4, 60), (16, 12, 60)]
	IP state: [(1, 4, 0), (1, 12, 0)]

2025-05-30 17:31:58,362 - INFO - 11 valid query responses out of 11.

2025-05-30 17:33:15,272 - INFO - Processing query 1 of 144 queries.

2025-05-30 17:33:15,884 - INFO - Setting new limits.
	Account limits: [(3, 5, 60)]
	Account state: [(1, 5, 0)]
	IP limits: [(8, 10, 60), (15, 60, 120), (60, 300, 1800)]
	IP state: [(1, 10, 0), (1, 60, 0), (7, 300, 0)]

2025-05-30 17:33:16,195 - INFO - Setting new limits.
	Account limits: [(6, 4, 10)]
	Account state: [(1, 4, 0)]
	IP limits: [(12, 4, 60), (16, 12, 60)]
	IP state: [(1, 4, 0), (1, 12, 0)]

2025-05-30 17:33:16,719 - INFO - 17 valid query responses out of 17.

2025-05-30 17:33:32,656 - ERROR - Exception in resolve_mods: int() argument must be a string, a bytes-like object or a real number, not 'list'
Traceback (most recent call last):
  File "/Users/austinsnyder/GitHub/PoE-Economy-Analysis/shared/logging/logging_utils.py", line 9, in wrapper
    return func(*args, **kwargs)
  File "/Users/austinsnyder/GitHub/PoE-Economy-Analysis/data_handling/listing_builder.py", line 173, in resolve_mods
    self.current_atype = rp.item_atype
                         ^^^^^^^^^^^^^
  File "/Users/austinsnyder/GitHub/PoE-Economy-Analysis/data_handling/api_response_parser.py", line 233, in item_atype
    dex_req=self.dex_requirement,
            ^^^^^^^^^^^^^^^^^^^^
  File "/Users/austinsnyder/GitHub/PoE-Economy-Analysis/data_handling/api_response_parser.py", line 256, in dex_requirement
    return int(dex_req[0]['values']) if dex_req else 0
           ~~~^^^^^^^^^^^^^^^^^^^^^^
TypeError: int() argument must be a string, a bytes-like object or a real number, not 'list'
2025-05-30 17:33:52,669 - INFO - Processing query 1 of 144 queries.

2025-05-30 17:33:53,261 - INFO - Setting new limits.
	Account limits: [(3, 5, 60)]
	Account state: [(1, 5, 0)]
	IP limits: [(8, 10, 60), (15, 60, 120), (60, 300, 1800)]
	IP state: [(1, 10, 0), (2, 60, 0), (8, 300, 0)]

2025-05-30 17:33:53,769 - INFO - Setting new limits.
	Account limits: [(6, 4, 10)]
	Account state: [(1, 4, 0)]
	IP limits: [(12, 4, 60), (16, 12, 60)]
	IP state: [(1, 4, 0), (1, 12, 0)]

2025-05-30 17:33:53,779 - INFO - 1 valid query responses out of 1.

2025-05-30 17:35:09,406 - INFO - Processing query 1 of 144 queries.

2025-05-30 17:35:10,262 - INFO - Setting new limits.
	Account limits: [(3, 5, 60)]
	Account state: [(1, 5, 0)]
	IP limits: [(8, 10, 60), (15, 60, 120), (60, 300, 1800)]
	IP state: [(1, 10, 0), (1, 60, 0), (6, 300, 0)]

2025-05-30 17:35:10,775 - INFO - Setting new limits.
	Account limits: [(6, 4, 10)]
	Account state: [(1, 4, 0)]
	IP limits: [(12, 4, 60), (16, 12, 60)]
	IP state: [(1, 4, 0), (1, 12, 0)]

2025-05-30 17:35:10,782 - INFO - 3 valid query responses out of 3.

2025-05-30 17:35:10,783 - ERROR - Exception in resolve_mods: 'AType' object has no attribute 'lower'
Traceback (most recent call last):
  File "/Users/austinsnyder/GitHub/PoE-Economy-Analysis/shared/logging/logging_utils.py", line 9, in wrapper
    return func(*args, **kwargs)
  File "/Users/austinsnyder/GitHub/PoE-Economy-Analysis/data_handling/listing_builder.py", line 185, in resolve_mods
    mod_id = generate_mod_id(atype=self.current_atype, mod_ids=mod_ids, affix_type=affix_type)
  File "/Users/austinsnyder/GitHub/PoE-Economy-Analysis/instances_and_definitions/item_instances.py", line 24, in generate_mod_id
    atype = atype.lower().replace(' ', '_')
            ^^^^^^^^^^^
AttributeError: 'AType' object has no attribute 'lower'
2025-05-30 17:35:48,709 - INFO - Processing query 1 of 144 queries.

2025-05-30 17:35:49,195 - INFO - Setting new limits.
	Account limits: [(3, 5, 60)]
	Account state: [(1, 5, 0)]
	IP limits: [(8, 10, 60), (15, 60, 120), (60, 300, 1800)]
	IP state: [(1, 10, 0), (2, 60, 0), (7, 300, 0)]

2025-05-30 17:35:49,437 - INFO - Setting new limits.
	Account limits: [(6, 4, 10)]
	Account state: [(1, 4, 0)]
	IP limits: [(12, 4, 60), (16, 12, 60)]
	IP state: [(1, 4, 0), (1, 12, 0)]

2025-05-30 17:35:50,073 - INFO - 29 valid query responses out of 29.

2025-05-30 17:35:50,073 - INFO - Could not find mod with ID ('two_hand_mace', 'explicit.stat_3695891184', <ModAffixType.SUFFIX: 'suffix'>). Creating and caching.

2025-05-30 17:35:50,076 - ERROR - Exception in resolve_mods: AtypeModsManager.fetch_mod() got an unexpected keyword argument 'mod_text'
Traceback (most recent call last):
  File "/Users/austinsnyder/GitHub/PoE-Economy-Analysis/shared/logging/logging_utils.py", line 9, in wrapper
    return func(*args, **kwargs)
  File "/Users/austinsnyder/GitHub/PoE-Economy-Analysis/data_handling/listing_builder.py", line 196, in resolve_mods
    new_mod = self._create_item_mod(mod_data=mod_data,
                                    mod_class=mod_class_e,
                                    affix_type=affix_type)
  File "/Users/austinsnyder/GitHub/PoE-Economy-Analysis/data_handling/listing_builder.py", line 153, in _create_item_mod
    matched_poe2db_mod_id = self.mod_matcher.match_mod(new_mod)
  File "/Users/austinsnyder/GitHub/PoE-Economy-Analysis/data_handling/mod_matching.py", line 177, in match_mod
    coe_mod_id_match = self._attempt_match(item_mod=item_mod, min_score=95.0)
  File "/Users/austinsnyder/GitHub/PoE-Economy-Analysis/data_handling/mod_matching.py", line 166, in _attempt_match
    match = self._attempt_singleton_match(item_mod, min_score)
  File "/Users/austinsnyder/GitHub/PoE-Economy-Analysis/data_handling/mod_matching.py", line 152, in _attempt_singleton_match
    mod = atype_manager.fetch_mod(mod_text=match,
                                  affix_type=item_mod.affix_type_e)
TypeError: AtypeModsManager.fetch_mod() got an unexpected keyword argument 'mod_text'
2025-05-30 17:40:48,336 - INFO - Processing query 1 of 144 queries.

2025-05-30 17:40:50,026 - INFO - Setting new limits.
	Account limits: [(3, 5, 60)]
	Account state: [(1, 5, 0)]
	IP limits: [(8, 10, 60), (15, 60, 120), (60, 300, 1800)]
	IP state: [(1, 10, 0), (1, 60, 0), (1, 300, 0)]

2025-05-30 17:40:50,278 - INFO - Setting new limits.
	Account limits: [(6, 4, 10)]
	Account state: [(1, 4, 0)]
	IP limits: [(12, 4, 60), (16, 12, 60)]
	IP state: [(1, 4, 0), (1, 12, 0)]

2025-05-30 17:40:50,290 - INFO - 6 valid query responses out of 6.

2025-05-30 17:40:50,290 - INFO - Could not find mod with ID ('spear', 'implicit.stat_2763429652', None). Creating and caching.

2025-05-30 17:40:50,291 - INFO - Could not find mod with ID ('spear', 'explicit.stat_748522257', <ModAffixType.SUFFIX: 'suffix'>). Creating and caching.

2025-05-30 17:40:50,293 - ERROR - Exception in resolve_mods: 'NoneType' object has no attribute 'mod_id'
Traceback (most recent call last):
  File "/Users/austinsnyder/GitHub/PoE-Economy-Analysis/shared/logging/logging_utils.py", line 9, in wrapper
    return func(*args, **kwargs)
  File "/Users/austinsnyder/GitHub/PoE-Economy-Analysis/data_handling/listing_builder.py", line 196, in resolve_mods
    new_mod = self._create_item_mod(mod_data=mod_data,
                                    mod_class=mod_class_e,
                                    affix_type=affix_type)
  File "/Users/austinsnyder/GitHub/PoE-Economy-Analysis/data_handling/listing_builder.py", line 153, in _create_item_mod
    matched_poe2db_mod_id = self.mod_matcher.match_mod(new_mod)
  File "/Users/austinsnyder/GitHub/PoE-Economy-Analysis/data_handling/mod_matching.py", line 179, in match_mod
    coe_mod_id_match = self._attempt_match(item_mod=item_mod, min_score=95.0)
  File "/Users/austinsnyder/GitHub/PoE-Economy-Analysis/data_handling/mod_matching.py", line 168, in _attempt_match
    match = self._attempt_singleton_match(item_mod, min_score)
  File "/Users/austinsnyder/GitHub/PoE-Economy-Analysis/data_handling/mod_matching.py", line 157, in _attempt_singleton_match
    return mod.mod_id
           ^^^^^^^^^^
AttributeError: 'NoneType' object has no attribute 'mod_id'
2025-05-30 17:41:27,570 - INFO - Processing query 1 of 144 queries.

2025-05-30 17:41:27,939 - INFO - Setting new limits.
	Account limits: [(3, 5, 60)]
	Account state: [(1, 5, 0)]
	IP limits: [(8, 10, 60), (15, 60, 120), (60, 300, 1800)]
	IP state: [(1, 10, 0), (2, 60, 0), (2, 300, 0)]

2025-05-30 17:41:27,940 - INFO - Total valid responses in 0.0 minutes: 0

2025-05-30 17:41:27,942 - INFO - Processing query 2 of 144 queries.

2025-05-30 17:41:33,697 - INFO - Setting new limits.
	Account limits: [(6, 4, 10)]
	Account state: [(1, 4, 0)]
	IP limits: [(12, 4, 60), (16, 12, 60)]
	IP state: [(1, 4, 0), (1, 12, 0)]

2025-05-30 17:41:34,335 - INFO - 29 valid query responses out of 29.

2025-05-30 17:41:53,179 - INFO - Could not find mod with ID ('two_hand_mace', 'explicit.stat_3639275092', <ModAffixType.SUFFIX: 'suffix'>). Creating and caching.

2025-05-30 17:51:44,148 - INFO - Processing query 1 of 144 queries.

2025-05-30 17:51:44,763 - INFO - Setting new limits.
	Account limits: [(3, 5, 60)]
	Account state: [(1, 5, 0)]
	IP limits: [(8, 10, 60), (15, 60, 120), (60, 300, 1800)]
	IP state: [(1, 10, 0), (1, 60, 0), (1, 300, 0)]

2025-05-30 17:51:45,010 - INFO - Setting new limits.
	Account limits: [(6, 4, 10)]
	Account state: [(1, 4, 0)]
	IP limits: [(12, 4, 60), (16, 12, 60)]
	IP state: [(1, 4, 0), (1, 12, 0)]

2025-05-30 17:51:45,893 - INFO - 31 valid query responses out of 31.

2025-05-30 17:51:45,894 - INFO - Could not find mod with ID ('quarterstaff', 'explicit.stat_55876295', <ModAffixType.SUFFIX: 'suffix'>). Creating and caching.

2025-05-30 17:59:25,615 - INFO - Processing query 1 of 144 queries.

2025-05-30 17:59:26,128 - INFO - Setting new limits.
	Account limits: [(3, 5, 60)]
	Account state: [(1, 5, 0)]
	IP limits: [(8, 10, 60), (15, 60, 120), (60, 300, 1800)]
	IP state: [(1, 10, 0), (1, 60, 0), (1, 300, 0)]

2025-05-30 17:59:26,385 - INFO - Setting new limits.
	Account limits: [(6, 4, 10)]
	Account state: [(1, 4, 0)]
	IP limits: [(12, 4, 60), (16, 12, 60)]
	IP state: [(1, 4, 0), (1, 12, 0)]

2025-05-30 17:59:30,600 - INFO - 47 valid query responses out of 47.

2025-05-30 17:59:30,601 - INFO - Could not find mod with ID ('two_hand_mace', 'explicit.stat_1368271171', <ModAffixType.SUFFIX: 'suffix'>). Creating and caching.

2025-05-30 18:31:28,833 - INFO - Processing query 1 of 144 queries.

2025-05-30 18:31:29,198 - INFO - Setting new limits.
	Account limits: [(3, 5, 60)]
	Account state: [(1, 5, 0)]
	IP limits: [(8, 10, 60), (15, 60, 120), (60, 300, 1800)]
	IP state: [(1, 10, 0), (1, 60, 0), (1, 300, 0)]

2025-05-30 18:31:29,457 - INFO - Setting new limits.
	Account limits: [(6, 4, 10)]
	Account state: [(1, 4, 0)]
	IP limits: [(12, 4, 60), (16, 12, 60)]
	IP state: [(1, 4, 0), (1, 12, 0)]

2025-05-30 18:31:29,466 - INFO - 3 valid query responses out of 3.

2025-05-30 18:31:29,466 - INFO - Could not find mod with ID ('one_hand_mace', 'implicit.stat_1559935218', None). Creating and caching.

2025-05-30 18:31:29,467 - INFO - Could not find mod with ID ('one_hand_mace', 'explicit.stat_821021828', <ModAffixType.SUFFIX: 'suffix'>). Creating and caching.

2025-05-30 18:31:42,730 - INFO - Processing query 1 of 144 queries.

2025-05-30 18:31:43,070 - INFO - Setting new limits.
	Account limits: [(3, 5, 60)]
	Account state: [(1, 5, 0)]
	IP limits: [(8, 10, 60), (15, 60, 120), (60, 300, 1800)]
	IP state: [(1, 10, 0), (2, 60, 0), (2, 300, 0)]

2025-05-30 18:31:43,343 - INFO - Setting new limits.
	Account limits: [(6, 4, 10)]
	Account state: [(1, 4, 0)]
	IP limits: [(12, 4, 60), (16, 12, 60)]
	IP state: [(1, 4, 0), (1, 12, 0)]

2025-05-30 18:31:45,037 - INFO - 40 valid query responses out of 40.

2025-05-30 18:31:45,037 - INFO - Could not find mod with ID ('quarterstaff', 'implicit.stat_548198834', None). Creating and caching.

2025-05-30 18:31:45,038 - INFO - Could not find mod with ID ('quarterstaff', 'explicit.stat_1368271171', <ModAffixType.SUFFIX: 'suffix'>). Creating and caching.

2025-05-30 18:33:53,113 - INFO - Could not find mod with ID ('quarterstaff', 'explicit.stat_1509134228', <ModAffixType.PREFIX: 'prefix'>). Creating and caching.

2025-05-30 18:35:51,845 - INFO - Processing query 1 of 144 queries.

2025-05-30 18:35:52,289 - INFO - Setting new limits.
	Account limits: [(3, 5, 60)]
	Account state: [(1, 5, 0)]
	IP limits: [(8, 10, 60), (15, 60, 120), (60, 300, 1800)]
	IP state: [(1, 10, 0), (1, 60, 0), (3, 300, 0)]

2025-05-30 18:35:52,534 - INFO - Setting new limits.
	Account limits: [(6, 4, 10)]
	Account state: [(1, 4, 0)]
	IP limits: [(12, 4, 60), (16, 12, 60)]
	IP state: [(1, 4, 0), (1, 12, 0)]

2025-05-30 18:35:53,568 - INFO - 35 valid query responses out of 35.

2025-05-30 18:35:53,568 - INFO - Could not find mod with ID ('two_hand_mace', 'implicit.stat_791928121', None). Creating and caching.

2025-05-30 18:35:53,568 - INFO - Could not find mod with ID ('two_hand_mace', 'explicit.stat_709508406', <ModAffixType.PREFIX: 'prefix'>). Creating and caching.

2025-05-30 18:35:53,570 - INFO - Could not find mod with ID ('two_hand_mace', 'explicit.stat_1940865751', <ModAffixType.PREFIX: 'prefix'>). Creating and caching.

2025-05-30 18:35:53,570 - INFO - Could not find mod with ID ('two_hand_mace', 'explicit.stat_518292764', <ModAffixType.SUFFIX: 'suffix'>). Creating and caching.

2025-05-30 18:35:53,571 - INFO - Could not find mod with ID ('two_hand_mace', 'explicit.stat_1037193709', <ModAffixType.PREFIX: 'prefix'>). Creating and caching.

2025-05-30 18:35:53,571 - INFO - Could not find mod with ID ('two_hand_mace', 'explicit.stat_4080418644', <ModAffixType.SUFFIX: 'suffix'>). Creating and caching.

2025-05-30 18:35:53,573 - INFO - Could not find mod with ID ('two_hand_mace', 'explicit.stat_9187492', <ModAffixType.SUFFIX: 'suffix'>). Creating and caching.

2025-05-30 18:35:53,573 - INFO - Could not find mod with ID ('two_hand_mace', 'explicit.stat_2694482655', <ModAffixType.SUFFIX: 'suffix'>). Creating and caching.

2025-05-30 18:35:53,574 - INFO - Could not find mod with ID ('two_hand_mace', 'explicit.stat_1368271171', <ModAffixType.SUFFIX: 'suffix'>). Creating and caching.

2025-05-30 18:35:53,574 - INFO - Could not find mod with ID ('two_hand_mace', 'explicit.stat_691932474', <ModAffixType.PREFIX: 'prefix'>). Creating and caching.

2025-05-30 18:35:53,575 - INFO - Could not find mod with ID ('two_hand_mace', 'implicit.stat_1541903247', None). Creating and caching.

2025-05-30 18:35:53,575 - INFO - Could not find mod with ID ('two_hand_mace', 'explicit.stat_387439868', <ModAffixType.PREFIX: 'prefix'>). Creating and caching.

2025-05-30 18:35:53,575 - INFO - Could not find mod with ID ('two_hand_mace', 'explicit.stat_748522257', <ModAffixType.SUFFIX: 'suffix'>). Creating and caching.

2025-05-30 18:35:53,575 - INFO - Could not find mod with ID ('two_hand_mace', 'explicit.stat_3695891184', <ModAffixType.SUFFIX: 'suffix'>). Creating and caching.

2025-05-30 18:35:53,576 - INFO - Could not find mod with ID ('two_hand_mace', 'explicit.stat_210067635', <ModAffixType.SUFFIX: 'suffix'>). Creating and caching.

2025-05-30 18:35:53,577 - INFO - Could not find mod with ID ('two_hand_mace', 'explicit.stat_791928121', <ModAffixType.SUFFIX: 'suffix'>). Creating and caching.

2025-05-30 18:35:53,577 - INFO - Could not find mod with ID ('two_hand_mace', 'explicit.stat_3639275092', <ModAffixType.SUFFIX: 'suffix'>). Creating and caching.

2025-05-30 18:35:53,577 - INFO - Could not find mod with ID ('two_hand_mace', 'explicit.stat_1509134228', <ModAffixType.PREFIX: 'prefix'>). Creating and caching.

2025-05-30 18:35:53,577 - INFO - Could not find mod with ID ('two_hand_mace', 'explicit.stat_55876295', <ModAffixType.SUFFIX: 'suffix'>). Creating and caching.

2025-05-30 18:35:53,577 - INFO - Could not find mod with ID ('two_hand_mace', 'explicit.stat_3336890334', <ModAffixType.PREFIX: 'prefix'>). Creating and caching.

2025-05-30 18:35:53,579 - INFO - Could not find mod with ID ('two_hand_mace', 'explicit.stat_1509134228', 'explicit.stat_691932474', <ModAffixType.PREFIX: 'prefix'>). Creating and caching.

2025-05-30 18:35:53,580 - ERROR - Was not able to match item mod:
None

2025-05-30 18:35:53,582 - INFO - Could not find mod with ID ('two_hand_mace', 'implicit.stat_3675300253', None). Creating and caching.

2025-05-30 18:35:53,583 - INFO - Could not find mod with ID ('two_hand_mace', 'explicit.stat_669069897', <ModAffixType.SUFFIX: 'suffix'>). Creating and caching.

2025-05-30 18:35:53,584 - INFO - Could not find mod with ID ('two_hand_mace', 'explicit.stat_821021828', <ModAffixType.SUFFIX: 'suffix'>). Creating and caching.

2025-05-30 18:35:53,586 - INFO - Could not find mod with ID ('two_hand_mace', 'explicit.stat_1263695895', 'explicit.stat_691932474', <ModAffixType.SUFFIX: 'suffix'>). Creating and caching.

2025-05-30 18:35:53,586 - ERROR - Was not able to match item mod:
None

2025-05-30 18:35:53,594 - INFO - NEW LISTING DATA
None

2025-05-30 18:38:36,392 - INFO - Processing query 1 of 144 queries.

2025-05-30 18:38:37,061 - INFO - Setting new limits.
	Account limits: [(3, 5, 60)]
	Account state: [(1, 5, 0)]
	IP limits: [(8, 10, 60), (15, 60, 120), (60, 300, 1800)]
	IP state: [(1, 10, 0), (1, 60, 0), (2, 300, 0)]

2025-05-30 18:38:37,557 - INFO - Setting new limits.
	Account limits: [(6, 4, 10)]
	Account state: [(1, 4, 0)]
	IP limits: [(12, 4, 60), (16, 12, 60)]
	IP state: [(1, 4, 0), (1, 12, 0)]

2025-05-30 18:38:42,534 - INFO - 53 valid query responses out of 53.

2025-05-30 18:38:42,534 - INFO - Could not find mod with ID ('bow', 'implicit.stat_3885405204', None). Creating and caching.

2025-05-30 18:38:42,534 - INFO - Could not find mod with ID ('bow', 'explicit.stat_3336890334', <ModAffixType.PREFIX: 'prefix'>). Creating and caching.

2025-05-30 18:38:42,536 - INFO - Could not find mod with ID ('bow', 'explicit.stat_3261801346', <ModAffixType.SUFFIX: 'suffix'>). Creating and caching.

2025-05-30 18:38:42,536 - INFO - Could not find mod with ID ('bow', 'explicit.stat_55876295', <ModAffixType.SUFFIX: 'suffix'>). Creating and caching.

2025-05-30 18:38:42,537 - INFO - Could not find mod with ID ('bow', 'explicit.stat_518292764', <ModAffixType.SUFFIX: 'suffix'>). Creating and caching.

2025-05-30 18:38:42,538 - INFO - Could not find mod with ID ('bow', 'explicit.stat_1940865751', <ModAffixType.PREFIX: 'prefix'>). Creating and caching.

2025-05-30 18:38:42,538 - INFO - Could not find mod with ID ('bow', 'explicit.stat_387439868', <ModAffixType.PREFIX: 'prefix'>). Creating and caching.

2025-05-30 18:38:42,544 - INFO - Could not find mod with ID ('bow', 'explicit.stat_691932474', <ModAffixType.PREFIX: 'prefix'>). Creating and caching.

2025-05-30 18:38:42,544 - INFO - Could not find mod with ID ('bow', 'explicit.stat_1202301673', <ModAffixType.SUFFIX: 'suffix'>). Creating and caching.

2025-05-30 18:38:42,544 - INFO - Could not find mod with ID ('bow', 'explicit.stat_1368271171', <ModAffixType.SUFFIX: 'suffix'>). Creating and caching.

2025-05-30 18:38:42,544 - INFO - Could not find mod with ID ('bow', 'explicit.stat_1509134228', 'explicit.stat_691932474', <ModAffixType.PREFIX: 'prefix'>). Creating and caching.

2025-05-30 18:38:42,545 - ERROR - Was not able to match item mod:
None

2025-05-30 18:38:42,546 - INFO - Could not find mod with ID ('bow', 'explicit.stat_669069897', <ModAffixType.SUFFIX: 'suffix'>). Creating and caching.

2025-05-30 18:38:42,546 - INFO - Could not find mod with ID ('bow', 'explicit.stat_2694482655', <ModAffixType.SUFFIX: 'suffix'>). Creating and caching.

2025-05-30 18:38:42,546 - INFO - Could not find mod with ID ('bow', 'explicit.stat_1037193709', <ModAffixType.PREFIX: 'prefix'>). Creating and caching.

2025-05-30 18:38:42,546 - INFO - Could not find mod with ID ('bow', 'explicit.stat_709508406', <ModAffixType.PREFIX: 'prefix'>). Creating and caching.

2025-05-30 18:38:42,546 - INFO - Could not find mod with ID ('bow', 'implicit.stat_1028592286', None). Creating and caching.

2025-05-30 18:38:42,546 - INFO - Could not find mod with ID ('bow', 'explicit.stat_3695891184', <ModAffixType.SUFFIX: 'suffix'>). Creating and caching.

2025-05-30 18:38:42,546 - INFO - Could not find mod with ID ('bow', 'explicit.stat_1509134228', <ModAffixType.PREFIX: 'prefix'>). Creating and caching.

2025-05-30 18:38:42,547 - INFO - Could not find mod with ID ('bow', 'explicit.stat_210067635', <ModAffixType.SUFFIX: 'suffix'>). Creating and caching.

2025-05-30 18:38:42,548 - INFO - Could not find mod with ID ('bow', 'explicit.stat_821021828', <ModAffixType.SUFFIX: 'suffix'>). Creating and caching.

2025-05-30 18:38:42,549 - INFO - Could not find mod with ID ('bow', 'explicit.stat_3639275092', <ModAffixType.SUFFIX: 'suffix'>). Creating and caching.

2025-05-30 18:38:42,551 - INFO - Could not find mod with ID ('bow', 'explicit.stat_1263695895', 'explicit.stat_691932474', <ModAffixType.SUFFIX: 'suffix'>). Creating and caching.

2025-05-30 18:38:42,551 - ERROR - Was not able to match item mod:
None

2025-05-30 18:38:42,555 - INFO - Could not find mod with ID ('bow', 'enchant.stat_2763429652', None). Creating and caching.

2025-05-30 18:38:42,563 - INFO - NEW LISTING DATA
None

2025-05-30 18:39:18,376 - INFO - Processing query 1 of 144 queries.

2025-05-30 18:39:19,191 - INFO - Setting new limits.
	Account limits: [(3, 5, 60)]
	Account state: [(1, 5, 0)]
	IP limits: [(8, 10, 60), (15, 60, 120), (60, 300, 1800)]
	IP state: [(1, 10, 0), (2, 60, 0), (3, 300, 0)]

2025-05-30 18:39:19,671 - INFO - Setting new limits.
	Account limits: [(6, 4, 10)]
	Account state: [(1, 4, 0)]
	IP limits: [(12, 4, 60), (16, 12, 60)]
	IP state: [(1, 4, 0), (1, 12, 0)]

2025-05-30 18:39:24,940 - INFO - 53 valid query responses out of 53.

2025-05-30 18:39:24,942 - INFO - Could not find mod with ID ('crossbow', 'implicit.stat_1980802737', None). Creating and caching.

2025-05-30 18:39:24,942 - INFO - Could not find mod with ID ('crossbow', 'explicit.stat_3261801346', <ModAffixType.SUFFIX: 'suffix'>). Creating and caching.

2025-05-30 18:39:24,944 - INFO - Could not find mod with ID ('crossbow', 'explicit.stat_1037193709', <ModAffixType.PREFIX: 'prefix'>). Creating and caching.

2025-05-30 18:39:24,945 - INFO - Could not find mod with ID ('crossbow', 'explicit.stat_669069897', <ModAffixType.SUFFIX: 'suffix'>). Creating and caching.

2025-05-30 18:39:24,945 - INFO - Could not find mod with ID ('crossbow', 'explicit.stat_55876295', <ModAffixType.SUFFIX: 'suffix'>). Creating and caching.

2025-05-30 18:39:24,945 - INFO - Could not find mod with ID ('crossbow', 'explicit.stat_3336890334', <ModAffixType.PREFIX: 'prefix'>). Creating and caching.

2025-05-30 18:39:24,945 - INFO - Could not find mod with ID ('crossbow', 'explicit.stat_709508406', <ModAffixType.PREFIX: 'prefix'>). Creating and caching.

2025-05-30 18:39:24,948 - INFO - Could not find mod with ID ('crossbow', 'explicit.stat_1368271171', <ModAffixType.SUFFIX: 'suffix'>). Creating and caching.

2025-05-30 18:39:24,948 - INFO - Could not find mod with ID ('crossbow', 'explicit.stat_387439868', <ModAffixType.PREFIX: 'prefix'>). Creating and caching.

2025-05-30 18:39:24,948 - INFO - Could not find mod with ID ('crossbow', 'explicit.stat_1509134228', <ModAffixType.PREFIX: 'prefix'>). Creating and caching.

2025-05-30 18:39:24,948 - INFO - Could not find mod with ID ('crossbow', 'explicit.stat_691932474', <ModAffixType.PREFIX: 'prefix'>). Creating and caching.

2025-05-30 18:39:24,949 - INFO - Could not find mod with ID ('crossbow', 'implicit.stat_1967051901', None). Creating and caching.

2025-05-30 18:39:24,949 - INFO - Could not find mod with ID ('crossbow', 'explicit.stat_3695891184', <ModAffixType.SUFFIX: 'suffix'>). Creating and caching.

2025-05-30 18:39:24,949 - INFO - Could not find mod with ID ('crossbow', 'explicit.stat_3639275092', <ModAffixType.SUFFIX: 'suffix'>). Creating and caching.

2025-05-30 18:39:24,950 - INFO - Could not find mod with ID ('crossbow', 'implicit.stat_1803308202', None). Creating and caching.

2025-05-30 18:39:24,950 - INFO - Could not find mod with ID ('crossbow', 'explicit.stat_518292764', <ModAffixType.SUFFIX: 'suffix'>). Creating and caching.

2025-05-30 18:39:24,951 - INFO - Could not find mod with ID ('crossbow', 'explicit.stat_1940865751', <ModAffixType.PREFIX: 'prefix'>). Creating and caching.

2025-05-30 18:39:24,951 - INFO - Could not find mod with ID ('crossbow', 'explicit.stat_210067635', <ModAffixType.SUFFIX: 'suffix'>). Creating and caching.

2025-05-30 18:39:24,952 - INFO - Could not find mod with ID ('crossbow', 'explicit.stat_1509134228', 'explicit.stat_691932474', <ModAffixType.PREFIX: 'prefix'>). Creating and caching.

2025-05-30 18:39:24,953 - ERROR - Was not able to match item mod:
None

2025-05-30 18:39:24,953 - INFO - Could not find mod with ID ('crossbow', 'explicit.stat_1263695895', 'explicit.stat_691932474', <ModAffixType.SUFFIX: 'suffix'>). Creating and caching.

2025-05-30 18:39:24,953 - ERROR - Was not able to match item mod:
None

2025-05-30 18:39:24,954 - INFO - Could not find mod with ID ('crossbow', 'explicit.stat_4080418644', <ModAffixType.SUFFIX: 'suffix'>). Creating and caching.

2025-05-30 18:39:24,957 - INFO - Could not find mod with ID ('crossbow', 'explicit.stat_1202301673', <ModAffixType.SUFFIX: 'suffix'>). Creating and caching.

2025-05-30 18:39:24,958 - INFO - Could not find mod with ID ('crossbow', 'explicit.stat_2694482655', <ModAffixType.SUFFIX: 'suffix'>). Creating and caching.

2025-05-30 18:39:24,960 - INFO - Could not find mod with ID ('crossbow', 'enchant.stat_3336890334', None). Creating and caching.

2025-05-30 18:39:24,963 - INFO - Could not find mod with ID ('crossbow', 'explicit.stat_821021828', <ModAffixType.SUFFIX: 'suffix'>). Creating and caching.

2025-05-30 18:39:24,984 - INFO - NEW LISTING DATA
None

2025-05-30 18:39:24,984 - INFO - Listing calculations:
None


2025-05-30 18:40:10,784 - INFO - Processing query 1 of 144 queries.

2025-05-30 18:40:11,670 - INFO - Setting new limits.
	Account limits: [(3, 5, 60)]
	Account state: [(1, 5, 0)]
	IP limits: [(8, 10, 60), (15, 60, 120), (60, 300, 1800)]
	IP state: [(1, 10, 0), (2, 60, 0), (3, 300, 0)]

2025-05-30 18:40:11,993 - INFO - Setting new limits.
	Account limits: [(6, 4, 10)]
	Account state: [(1, 4, 0)]
	IP limits: [(12, 4, 60), (16, 12, 60)]
	IP state: [(1, 4, 0), (1, 12, 0)]

2025-05-30 18:40:20,683 - INFO - 100 valid query responses out of 100.

2025-05-30 18:40:20,685 - INFO - Could not find mod with ID ('quarterstaff', 'explicit.stat_3639275092', <ModAffixType.SUFFIX: 'suffix'>). Creating and caching.

2025-05-30 18:40:20,687 - INFO - Could not find mod with ID ('quarterstaff', 'explicit.stat_3336890334', <ModAffixType.PREFIX: 'prefix'>). Creating and caching.

2025-05-30 18:40:20,688 - INFO - Could not find mod with ID ('quarterstaff', 'explicit.stat_1037193709', <ModAffixType.PREFIX: 'prefix'>). Creating and caching.

2025-05-30 18:40:20,688 - INFO - Could not find mod with ID ('quarterstaff', 'explicit.stat_709508406', <ModAffixType.PREFIX: 'prefix'>). Creating and caching.

2025-05-30 18:40:20,688 - INFO - Could not find mod with ID ('quarterstaff', 'explicit.stat_1368271171', <ModAffixType.SUFFIX: 'suffix'>). Creating and caching.

2025-05-30 18:40:20,688 - INFO - Could not find mod with ID ('quarterstaff', 'explicit.stat_791928121', <ModAffixType.SUFFIX: 'suffix'>). Creating and caching.

2025-05-30 18:40:20,690 - INFO - Could not find mod with ID ('quarterstaff', 'explicit.stat_518292764', <ModAffixType.SUFFIX: 'suffix'>). Creating and caching.

2025-05-30 18:40:20,691 - INFO - Could not find mod with ID ('quarterstaff', 'explicit.stat_3261801346', <ModAffixType.SUFFIX: 'suffix'>). Creating and caching.

2025-05-30 18:40:20,691 - INFO - Could not find mod with ID ('quarterstaff', 'explicit.stat_691932474', <ModAffixType.PREFIX: 'prefix'>). Creating and caching.

2025-05-30 18:40:20,691 - INFO - Could not find mod with ID ('quarterstaff', 'explicit.stat_748522257', <ModAffixType.SUFFIX: 'suffix'>). Creating and caching.

2025-05-30 18:40:20,692 - INFO - Could not find mod with ID ('quarterstaff', 'explicit.stat_55876295', <ModAffixType.SUFFIX: 'suffix'>). Creating and caching.

2025-05-30 18:40:20,692 - INFO - Could not find mod with ID ('quarterstaff', 'explicit.stat_328541901', <ModAffixType.SUFFIX: 'suffix'>). Creating and caching.

2025-05-30 18:40:20,692 - INFO - Could not find mod with ID ('quarterstaff', 'explicit.stat_387439868', <ModAffixType.PREFIX: 'prefix'>). Creating and caching.

2025-05-30 18:40:20,692 - INFO - Could not find mod with ID ('quarterstaff', 'explicit.stat_3695891184', <ModAffixType.SUFFIX: 'suffix'>). Creating and caching.

2025-05-30 18:40:20,693 - INFO - Could not find mod with ID ('quarterstaff', 'implicit.stat_548198834', None). Creating and caching.

2025-05-30 18:40:20,693 - INFO - Could not find mod with ID ('quarterstaff', 'explicit.stat_1940865751', <ModAffixType.PREFIX: 'prefix'>). Creating and caching.

2025-05-30 18:40:20,694 - INFO - Could not find mod with ID ('quarterstaff', 'explicit.stat_210067635', <ModAffixType.SUFFIX: 'suffix'>). Creating and caching.

2025-05-30 18:40:20,694 - INFO - Could not find mod with ID ('quarterstaff', 'explicit.stat_669069897', <ModAffixType.SUFFIX: 'suffix'>). Creating and caching.

2025-05-30 18:40:20,694 - INFO - Could not find mod with ID ('quarterstaff', 'explicit.stat_1509134228', 'explicit.stat_691932474', <ModAffixType.PREFIX: 'prefix'>). Creating and caching.

2025-05-30 18:40:20,696 - ERROR - Was not able to match item mod:
None

2025-05-30 18:40:20,699 - INFO - Could not find mod with ID ('quarterstaff', 'explicit.stat_2694482655', <ModAffixType.SUFFIX: 'suffix'>). Creating and caching.

2025-05-30 18:40:20,700 - INFO - Could not find mod with ID ('quarterstaff', 'explicit.stat_1509134228', <ModAffixType.PREFIX: 'prefix'>). Creating and caching.

2025-05-30 18:40:20,701 - INFO - Could not find mod with ID ('quarterstaff', 'explicit.stat_821021828', <ModAffixType.SUFFIX: 'suffix'>). Creating and caching.

2025-05-30 18:40:20,702 - INFO - Could not find mod with ID ('quarterstaff', 'implicit.stat_1702195217', None). Creating and caching.

2025-05-30 18:40:20,702 - INFO - Could not find mod with ID ('quarterstaff', 'explicit.stat_9187492', <ModAffixType.SUFFIX: 'suffix'>). Creating and caching.

2025-05-30 18:40:20,705 - INFO - Could not find mod with ID ('quarterstaff', 'fractured.stat_791928121', <ModAffixType.SUFFIX: 'suffix'>). Creating and caching.

2025-05-30 18:40:20,706 - INFO - Could not find mod with ID ('quarterstaff', 'explicit.stat_1263695895', 'explicit.stat_691932474', <ModAffixType.SUFFIX: 'suffix'>). Creating and caching.

2025-05-30 18:40:20,706 - ERROR - Was not able to match item mod:
None

2025-05-30 18:40:20,708 - INFO - Could not find mod with ID ('quarterstaff', 'enchant.stat_2223678961', None). Creating and caching.

2025-05-30 18:40:20,715 - INFO - Could not find mod with ID ('quarterstaff', 'enchant.stat_3336890334', None). Creating and caching.

2025-05-30 18:40:20,741 - INFO - Could not find mod with ID ('quarterstaff', 'enchant.stat_3885634897', None). Creating and caching.

2025-05-30 18:40:20,746 - INFO - Could not find mod with ID ('quarterstaff', 'fractured.stat_9187492', <ModAffixType.SUFFIX: 'suffix'>). Creating and caching.

2025-05-30 18:40:20,749 - INFO - NEW LISTING DATA
None

2025-05-30 18:40:20,749 - INFO - Listing calculations:
None


2025-05-30 18:40:49,457 - INFO - Processing query 1 of 144 queries.

2025-05-30 18:40:50,305 - INFO - Setting new limits.
	Account limits: [(3, 5, 60)]
	Account state: [(1, 5, 0)]
	IP limits: [(8, 10, 60), (15, 60, 120), (60, 300, 1800)]
	IP state: [(1, 10, 0), (2, 60, 0), (4, 300, 0)]

2025-05-30 18:40:50,918 - INFO - Setting new limits.
	Account limits: [(6, 4, 10)]
	Account state: [(1, 4, 0)]
	IP limits: [(12, 4, 60), (16, 12, 60)]
	IP state: [(1, 4, 0), (1, 12, 0)]

2025-05-30 18:40:59,877 - INFO - 94 valid query responses out of 94.

2025-05-30 18:40:59,878 - INFO - Could not find mod with ID ('spear', 'explicit.stat_2694482655', <ModAffixType.SUFFIX: 'suffix'>). Creating and caching.

2025-05-30 18:40:59,881 - INFO - Could not find mod with ID ('spear', 'explicit.stat_748522257', <ModAffixType.SUFFIX: 'suffix'>). Creating and caching.

2025-05-30 18:40:59,881 - INFO - Could not find mod with ID ('spear', 'explicit.stat_3695891184', <ModAffixType.SUFFIX: 'suffix'>). Creating and caching.

2025-05-30 18:40:59,881 - INFO - Could not find mod with ID ('spear', 'explicit.stat_387439868', <ModAffixType.PREFIX: 'prefix'>). Creating and caching.

2025-05-30 18:40:59,885 - INFO - Could not find mod with ID ('spear', 'explicit.stat_518292764', <ModAffixType.SUFFIX: 'suffix'>). Creating and caching.

2025-05-30 18:40:59,885 - INFO - Could not find mod with ID ('spear', 'explicit.stat_1509134228', <ModAffixType.PREFIX: 'prefix'>). Creating and caching.

2025-05-30 18:40:59,885 - INFO - Could not find mod with ID ('spear', 'explicit.stat_1940865751', <ModAffixType.PREFIX: 'prefix'>). Creating and caching.

2025-05-30 18:40:59,886 - INFO - Could not find mod with ID ('spear', 'explicit.stat_791928121', <ModAffixType.SUFFIX: 'suffix'>). Creating and caching.

2025-05-30 18:40:59,886 - INFO - Could not find mod with ID ('spear', 'explicit.stat_55876295', <ModAffixType.SUFFIX: 'suffix'>). Creating and caching.

2025-05-30 18:40:59,886 - INFO - Could not find mod with ID ('spear', 'explicit.stat_1368271171', <ModAffixType.SUFFIX: 'suffix'>). Creating and caching.

2025-05-30 18:40:59,886 - INFO - Could not find mod with ID ('spear', 'explicit.stat_1037193709', <ModAffixType.PREFIX: 'prefix'>). Creating and caching.

2025-05-30 18:40:59,886 - INFO - Could not find mod with ID ('spear', 'explicit.stat_709508406', <ModAffixType.PREFIX: 'prefix'>). Creating and caching.

2025-05-30 18:40:59,887 - INFO - Could not find mod with ID ('spear', 'explicit.stat_3261801346', <ModAffixType.SUFFIX: 'suffix'>). Creating and caching.

2025-05-30 18:40:59,887 - INFO - Could not find mod with ID ('spear', 'explicit.stat_669069897', <ModAffixType.SUFFIX: 'suffix'>). Creating and caching.

2025-05-30 18:40:59,888 - INFO - Could not find mod with ID ('spear', 'explicit.stat_210067635', <ModAffixType.SUFFIX: 'suffix'>). Creating and caching.

2025-05-30 18:40:59,889 - INFO - Could not find mod with ID ('spear', 'explicit.stat_821021828', <ModAffixType.SUFFIX: 'suffix'>). Creating and caching.

2025-05-30 18:40:59,889 - INFO - Could not find mod with ID ('spear', 'explicit.stat_1509134228', 'explicit.stat_691932474', <ModAffixType.PREFIX: 'prefix'>). Creating and caching.

2025-05-30 18:40:59,891 - ERROR - Was not able to match item mod:
None

2025-05-30 18:40:59,891 - INFO - Could not find mod with ID ('spear', 'explicit.stat_3639275092', <ModAffixType.SUFFIX: 'suffix'>). Creating and caching.

2025-05-30 18:40:59,892 - INFO - Could not find mod with ID ('spear', 'explicit.stat_4080418644', <ModAffixType.SUFFIX: 'suffix'>). Creating and caching.

2025-05-30 18:40:59,893 - INFO - Could not find mod with ID ('spear', 'explicit.stat_3336890334', <ModAffixType.PREFIX: 'prefix'>). Creating and caching.

2025-05-30 18:40:59,895 - INFO - Could not find mod with ID ('spear', 'explicit.stat_691932474', <ModAffixType.PREFIX: 'prefix'>). Creating and caching.

2025-05-30 18:40:59,897 - INFO - Could not find mod with ID ('spear', 'implicit.stat_2763429652', None). Creating and caching.

2025-05-30 18:40:59,898 - INFO - Could not find mod with ID ('spear', 'implicit.stat_535217483', None). Creating and caching.

2025-05-30 18:40:59,900 - INFO - Could not find mod with ID ('spear', 'explicit.stat_1202301673', <ModAffixType.SUFFIX: 'suffix'>). Creating and caching.

2025-05-30 18:40:59,904 - INFO - Could not find mod with ID ('spear', 'explicit.stat_9187492', <ModAffixType.SUFFIX: 'suffix'>). Creating and caching.

2025-05-30 18:40:59,906 - INFO - Could not find mod with ID ('spear', 'explicit.stat_1263695895', 'explicit.stat_691932474', <ModAffixType.SUFFIX: 'suffix'>). Creating and caching.

2025-05-30 18:40:59,906 - ERROR - Was not able to match item mod:
None

2025-05-30 18:40:59,939 - INFO - NEW LISTING DATA
None

2025-05-30 18:40:59,939 - INFO - Listing calculations:
None


2025-05-30 18:41:17,805 - INFO - Processing query 1 of 144 queries.

2025-05-30 18:41:18,567 - INFO - Setting new limits.
	Account limits: [(3, 5, 60)]
	Account state: [(1, 5, 0)]
	IP limits: [(8, 10, 60), (15, 60, 120), (60, 300, 1800)]
	IP state: [(1, 10, 0), (2, 60, 0), (5, 300, 0)]

2025-05-30 18:41:18,837 - INFO - Setting new limits.
	Account limits: [(6, 4, 10)]
	Account state: [(1, 4, 0)]
	IP limits: [(12, 4, 60), (16, 12, 60)]
	IP state: [(1, 4, 0), (1, 12, 0)]

2025-05-30 18:41:19,297 - INFO - 22 valid query responses out of 22.

2025-05-30 18:41:19,319 - INFO - NEW LISTING DATA
None

2025-05-30 18:41:19,320 - INFO - Listing calculations:
None


2025-05-30 18:41:38,067 - INFO - Processing query 1 of 144 queries.

2025-05-30 18:41:38,482 - INFO - Setting new limits.
	Account limits: [(3, 5, 60)]
	Account state: [(1, 5, 0)]
	IP limits: [(8, 10, 60), (15, 60, 120), (60, 300, 1800)]
	IP state: [(1, 10, 0), (3, 60, 0), (6, 300, 0)]

2025-05-30 18:41:38,939 - INFO - Setting new limits.
	Account limits: [(6, 4, 10)]
	Account state: [(1, 4, 0)]
	IP limits: [(12, 4, 60), (16, 12, 60)]
	IP state: [(1, 4, 0), (1, 12, 0)]

2025-05-30 18:41:38,945 - INFO - 1 valid query responses out of 1.

2025-05-30 18:41:38,950 - INFO - NEW LISTING DATA
None

2025-05-30 18:41:38,950 - INFO - Listing calculations:
None


2025-05-30 18:43:46,549 - INFO - Processing query 1 of 144 queries.

2025-05-30 18:43:46,589 - ERROR - Exception in send_request: HTTPSConnectionPool(host='www.pathofexile.com', port=443): Max retries exceeded with url: /api/trade2/search/poe2/Dawn%20of%20the%20Hunt (Caused by NameResolutionError("<urllib3.connection.HTTPSConnection object at 0x14c756510>: Failed to resolve 'www.pathofexile.com' ([Errno 8] nodename nor servname provided, or not known)"))
Traceback (most recent call last):
  File "/Users/austinsnyder/GitHub/PoE-Economy-Analysis/venv/lib/python3.13/site-packages/urllib3/connection.py", line 198, in _new_conn
    sock = connection.create_connection(
        (self._dns_host, self.port),
    ...<2 lines>...
        socket_options=self.socket_options,
    )
  File "/Users/austinsnyder/GitHub/PoE-Economy-Analysis/venv/lib/python3.13/site-packages/urllib3/util/connection.py", line 60, in create_connection
    for res in socket.getaddrinfo(host, port, family, socket.SOCK_STREAM):
               ~~~~~~~~~~~~~~~~~~^^^^^^^^^^^^^^^^^^^^^^^^^^^^^^^^^^^^^^^^
  File "/opt/homebrew/Cellar/python@3.13/3.13.3_1/Frameworks/Python.framework/Versions/3.13/lib/python3.13/socket.py", line 977, in getaddrinfo
    for res in _socket.getaddrinfo(host, port, family, type, proto, flags):
               ~~~~~~~~~~~~~~~~~~~^^^^^^^^^^^^^^^^^^^^^^^^^^^^^^^^^^^^^^^^
socket.gaierror: [Errno 8] nodename nor servname provided, or not known

The above exception was the direct cause of the following exception:

Traceback (most recent call last):
  File "/Users/austinsnyder/GitHub/PoE-Economy-Analysis/venv/lib/python3.13/site-packages/urllib3/connectionpool.py", line 787, in urlopen
    response = self._make_request(
        conn,
    ...<10 lines>...
        **response_kw,
    )
  File "/Users/austinsnyder/GitHub/PoE-Economy-Analysis/venv/lib/python3.13/site-packages/urllib3/connectionpool.py", line 488, in _make_request
    raise new_e
  File "/Users/austinsnyder/GitHub/PoE-Economy-Analysis/venv/lib/python3.13/site-packages/urllib3/connectionpool.py", line 464, in _make_request
    self._validate_conn(conn)
    ~~~~~~~~~~~~~~~~~~~^^^^^^
  File "/Users/austinsnyder/GitHub/PoE-Economy-Analysis/venv/lib/python3.13/site-packages/urllib3/connectionpool.py", line 1093, in _validate_conn
    conn.connect()
    ~~~~~~~~~~~~^^
  File "/Users/austinsnyder/GitHub/PoE-Economy-Analysis/venv/lib/python3.13/site-packages/urllib3/connection.py", line 704, in connect
    self.sock = sock = self._new_conn()
                       ~~~~~~~~~~~~~~^^
  File "/Users/austinsnyder/GitHub/PoE-Economy-Analysis/venv/lib/python3.13/site-packages/urllib3/connection.py", line 205, in _new_conn
    raise NameResolutionError(self.host, self, e) from e
urllib3.exceptions.NameResolutionError: <urllib3.connection.HTTPSConnection object at 0x14c756510>: Failed to resolve 'www.pathofexile.com' ([Errno 8] nodename nor servname provided, or not known)

The above exception was the direct cause of the following exception:

Traceback (most recent call last):
  File "/Users/austinsnyder/GitHub/PoE-Economy-Analysis/venv/lib/python3.13/site-packages/requests/adapters.py", line 667, in send
    resp = conn.urlopen(
        method=request.method,
    ...<9 lines>...
        chunked=chunked,
    )
  File "/Users/austinsnyder/GitHub/PoE-Economy-Analysis/venv/lib/python3.13/site-packages/urllib3/connectionpool.py", line 841, in urlopen
    retries = retries.increment(
        method, url, error=new_e, _pool=self, _stacktrace=sys.exc_info()[2]
    )
  File "/Users/austinsnyder/GitHub/PoE-Economy-Analysis/venv/lib/python3.13/site-packages/urllib3/util/retry.py", line 519, in increment
    raise MaxRetryError(_pool, url, reason) from reason  # type: ignore[arg-type]
    ^^^^^^^^^^^^^^^^^^^^^^^^^^^^^^^^^^^^^^^^^^^^^^^^^^^
urllib3.exceptions.MaxRetryError: HTTPSConnectionPool(host='www.pathofexile.com', port=443): Max retries exceeded with url: /api/trade2/search/poe2/Dawn%20of%20the%20Hunt (Caused by NameResolutionError("<urllib3.connection.HTTPSConnection object at 0x14c756510>: Failed to resolve 'www.pathofexile.com' ([Errno 8] nodename nor servname provided, or not known)"))

During handling of the above exception, another exception occurred:

Traceback (most recent call last):
  File "/Users/austinsnyder/GitHub/PoE-Economy-Analysis/shared/logging/logging_utils.py", line 9, in wrapper
    return func(*args, **kwargs)
  File "/Users/austinsnyder/GitHub/PoE-Economy-Analysis/trade_api/request_throttler.py", line 189, in send_request
    response = request_func(*args, **kwargs)
  File "/Users/austinsnyder/GitHub/PoE-Economy-Analysis/venv/lib/python3.13/site-packages/requests/api.py", line 115, in post
    return request("post", url, data=data, json=json, **kwargs)
  File "/Users/austinsnyder/GitHub/PoE-Economy-Analysis/venv/lib/python3.13/site-packages/requests/api.py", line 59, in request
    return session.request(method=method, url=url, **kwargs)
           ~~~~~~~~~~~~~~~^^^^^^^^^^^^^^^^^^^^^^^^^^^^^^^^^^
  File "/Users/austinsnyder/GitHub/PoE-Economy-Analysis/venv/lib/python3.13/site-packages/requests/sessions.py", line 589, in request
    resp = self.send(prep, **send_kwargs)
  File "/Users/austinsnyder/GitHub/PoE-Economy-Analysis/venv/lib/python3.13/site-packages/requests/sessions.py", line 703, in send
    r = adapter.send(request, **kwargs)
  File "/Users/austinsnyder/GitHub/PoE-Economy-Analysis/venv/lib/python3.13/site-packages/requests/adapters.py", line 700, in send
    raise ConnectionError(e, request=request)
requests.exceptions.ConnectionError: HTTPSConnectionPool(host='www.pathofexile.com', port=443): Max retries exceeded with url: /api/trade2/search/poe2/Dawn%20of%20the%20Hunt (Caused by NameResolutionError("<urllib3.connection.HTTPSConnection object at 0x14c756510>: Failed to resolve 'www.pathofexile.com' ([Errno 8] nodename nor servname provided, or not known)"))
2025-05-30 18:43:46,595 - ERROR - Exception in _post_for_search_id: HTTPSConnectionPool(host='www.pathofexile.com', port=443): Max retries exceeded with url: /api/trade2/search/poe2/Dawn%20of%20the%20Hunt (Caused by NameResolutionError("<urllib3.connection.HTTPSConnection object at 0x14c756510>: Failed to resolve 'www.pathofexile.com' ([Errno 8] nodename nor servname provided, or not known)"))
Traceback (most recent call last):
  File "/Users/austinsnyder/GitHub/PoE-Economy-Analysis/venv/lib/python3.13/site-packages/urllib3/connection.py", line 198, in _new_conn
    sock = connection.create_connection(
        (self._dns_host, self.port),
    ...<2 lines>...
        socket_options=self.socket_options,
    )
  File "/Users/austinsnyder/GitHub/PoE-Economy-Analysis/venv/lib/python3.13/site-packages/urllib3/util/connection.py", line 60, in create_connection
    for res in socket.getaddrinfo(host, port, family, socket.SOCK_STREAM):
               ~~~~~~~~~~~~~~~~~~^^^^^^^^^^^^^^^^^^^^^^^^^^^^^^^^^^^^^^^^
  File "/opt/homebrew/Cellar/python@3.13/3.13.3_1/Frameworks/Python.framework/Versions/3.13/lib/python3.13/socket.py", line 977, in getaddrinfo
    for res in _socket.getaddrinfo(host, port, family, type, proto, flags):
               ~~~~~~~~~~~~~~~~~~~^^^^^^^^^^^^^^^^^^^^^^^^^^^^^^^^^^^^^^^^
socket.gaierror: [Errno 8] nodename nor servname provided, or not known

The above exception was the direct cause of the following exception:

Traceback (most recent call last):
  File "/Users/austinsnyder/GitHub/PoE-Economy-Analysis/venv/lib/python3.13/site-packages/urllib3/connectionpool.py", line 787, in urlopen
    response = self._make_request(
        conn,
    ...<10 lines>...
        **response_kw,
    )
  File "/Users/austinsnyder/GitHub/PoE-Economy-Analysis/venv/lib/python3.13/site-packages/urllib3/connectionpool.py", line 488, in _make_request
    raise new_e
  File "/Users/austinsnyder/GitHub/PoE-Economy-Analysis/venv/lib/python3.13/site-packages/urllib3/connectionpool.py", line 464, in _make_request
    self._validate_conn(conn)
    ~~~~~~~~~~~~~~~~~~~^^^^^^
  File "/Users/austinsnyder/GitHub/PoE-Economy-Analysis/venv/lib/python3.13/site-packages/urllib3/connectionpool.py", line 1093, in _validate_conn
    conn.connect()
    ~~~~~~~~~~~~^^
  File "/Users/austinsnyder/GitHub/PoE-Economy-Analysis/venv/lib/python3.13/site-packages/urllib3/connection.py", line 704, in connect
    self.sock = sock = self._new_conn()
                       ~~~~~~~~~~~~~~^^
  File "/Users/austinsnyder/GitHub/PoE-Economy-Analysis/venv/lib/python3.13/site-packages/urllib3/connection.py", line 205, in _new_conn
    raise NameResolutionError(self.host, self, e) from e
urllib3.exceptions.NameResolutionError: <urllib3.connection.HTTPSConnection object at 0x14c756510>: Failed to resolve 'www.pathofexile.com' ([Errno 8] nodename nor servname provided, or not known)

The above exception was the direct cause of the following exception:

Traceback (most recent call last):
  File "/Users/austinsnyder/GitHub/PoE-Economy-Analysis/venv/lib/python3.13/site-packages/requests/adapters.py", line 667, in send
    resp = conn.urlopen(
        method=request.method,
    ...<9 lines>...
        chunked=chunked,
    )
  File "/Users/austinsnyder/GitHub/PoE-Economy-Analysis/venv/lib/python3.13/site-packages/urllib3/connectionpool.py", line 841, in urlopen
    retries = retries.increment(
        method, url, error=new_e, _pool=self, _stacktrace=sys.exc_info()[2]
    )
  File "/Users/austinsnyder/GitHub/PoE-Economy-Analysis/venv/lib/python3.13/site-packages/urllib3/util/retry.py", line 519, in increment
    raise MaxRetryError(_pool, url, reason) from reason  # type: ignore[arg-type]
    ^^^^^^^^^^^^^^^^^^^^^^^^^^^^^^^^^^^^^^^^^^^^^^^^^^^
urllib3.exceptions.MaxRetryError: HTTPSConnectionPool(host='www.pathofexile.com', port=443): Max retries exceeded with url: /api/trade2/search/poe2/Dawn%20of%20the%20Hunt (Caused by NameResolutionError("<urllib3.connection.HTTPSConnection object at 0x14c756510>: Failed to resolve 'www.pathofexile.com' ([Errno 8] nodename nor servname provided, or not known)"))

During handling of the above exception, another exception occurred:

Traceback (most recent call last):
  File "/Users/austinsnyder/GitHub/PoE-Economy-Analysis/shared/logging/logging_utils.py", line 9, in wrapper
    return func(*args, **kwargs)
  File "/Users/austinsnyder/GitHub/PoE-Economy-Analysis/trade_api/trade_items_fetcher.py", line 47, in _post_for_search_id
    response = cls.request_throttler.send_request(
        request_func=requests.post,
    ...<2 lines>...
        json=query
    )
  File "/Users/austinsnyder/GitHub/PoE-Economy-Analysis/shared/logging/logging_utils.py", line 9, in wrapper
    return func(*args, **kwargs)
  File "/Users/austinsnyder/GitHub/PoE-Economy-Analysis/trade_api/request_throttler.py", line 189, in send_request
    response = request_func(*args, **kwargs)
  File "/Users/austinsnyder/GitHub/PoE-Economy-Analysis/venv/lib/python3.13/site-packages/requests/api.py", line 115, in post
    return request("post", url, data=data, json=json, **kwargs)
  File "/Users/austinsnyder/GitHub/PoE-Economy-Analysis/venv/lib/python3.13/site-packages/requests/api.py", line 59, in request
    return session.request(method=method, url=url, **kwargs)
           ~~~~~~~~~~~~~~~^^^^^^^^^^^^^^^^^^^^^^^^^^^^^^^^^^
  File "/Users/austinsnyder/GitHub/PoE-Economy-Analysis/venv/lib/python3.13/site-packages/requests/sessions.py", line 589, in request
    resp = self.send(prep, **send_kwargs)
  File "/Users/austinsnyder/GitHub/PoE-Economy-Analysis/venv/lib/python3.13/site-packages/requests/sessions.py", line 703, in send
    r = adapter.send(request, **kwargs)
  File "/Users/austinsnyder/GitHub/PoE-Economy-Analysis/venv/lib/python3.13/site-packages/requests/adapters.py", line 700, in send
    raise ConnectionError(e, request=request)
requests.exceptions.ConnectionError: HTTPSConnectionPool(host='www.pathofexile.com', port=443): Max retries exceeded with url: /api/trade2/search/poe2/Dawn%20of%20the%20Hunt (Caused by NameResolutionError("<urllib3.connection.HTTPSConnection object at 0x14c756510>: Failed to resolve 'www.pathofexile.com' ([Errno 8] nodename nor servname provided, or not known)"))
